Archive member included to satisfy reference by file (symbol)

c:/progra~2/gnutoo~1/50a5a~1.420/bin/../lib/gcc/arm-none-eabi/5.4.1/../../../../arm-none-eabi/lib/armv7-m\libg_nano.a(lib_a-errno.o)
                              CMakeFiles/maze_stm32_cubemx+clion.elf.dir/Src/syscalls.c.obj (__errno)
c:/progra~2/gnutoo~1/50a5a~1.420/bin/../lib/gcc/arm-none-eabi/5.4.1/../../../../arm-none-eabi/lib/armv7-m\libg_nano.a(lib_a-exit.o)
                              c:/progra~2/gnutoo~1/50a5a~1.420/bin/../lib/gcc/arm-none-eabi/5.4.1/../../../../arm-none-eabi/lib/armv7-m/crt0.o (exit)
c:/progra~2/gnutoo~1/50a5a~1.420/bin/../lib/gcc/arm-none-eabi/5.4.1/../../../../arm-none-eabi/lib/armv7-m\libg_nano.a(lib_a-impure.o)
                              c:/progra~2/gnutoo~1/50a5a~1.420/bin/../lib/gcc/arm-none-eabi/5.4.1/../../../../arm-none-eabi/lib/armv7-m\libg_nano.a(lib_a-exit.o) (_global_impure_ptr)
c:/progra~2/gnutoo~1/50a5a~1.420/bin/../lib/gcc/arm-none-eabi/5.4.1/../../../../arm-none-eabi/lib/armv7-m\libg_nano.a(lib_a-init.o)
                              c:/progra~2/gnutoo~1/50a5a~1.420/bin/../lib/gcc/arm-none-eabi/5.4.1/../../../../arm-none-eabi/lib/armv7-m/crt0.o (__libc_init_array)
c:/progra~2/gnutoo~1/50a5a~1.420/bin/../lib/gcc/arm-none-eabi/5.4.1/../../../../arm-none-eabi/lib/armv7-m\libg_nano.a(lib_a-memset.o)
                              c:/progra~2/gnutoo~1/50a5a~1.420/bin/../lib/gcc/arm-none-eabi/5.4.1/../../../../arm-none-eabi/lib/armv7-m/crt0.o (memset)

Discarded input sections

 .text          0x00000000        0x0 c:/progra~2/gnutoo~1/50a5a~1.420/bin/../lib/gcc/arm-none-eabi/5.4.1/armv7-m/crti.o
 .data          0x00000000        0x0 c:/progra~2/gnutoo~1/50a5a~1.420/bin/../lib/gcc/arm-none-eabi/5.4.1/armv7-m/crti.o
 .bss           0x00000000        0x0 c:/progra~2/gnutoo~1/50a5a~1.420/bin/../lib/gcc/arm-none-eabi/5.4.1/armv7-m/crti.o
 .data          0x00000000        0x4 c:/progra~2/gnutoo~1/50a5a~1.420/bin/../lib/gcc/arm-none-eabi/5.4.1/armv7-m/crtbegin.o
 .text          0x00000000       0x74 c:/progra~2/gnutoo~1/50a5a~1.420/bin/../lib/gcc/arm-none-eabi/5.4.1/../../../../arm-none-eabi/lib/armv7-m/crt0.o
 .data          0x00000000        0x0 c:/progra~2/gnutoo~1/50a5a~1.420/bin/../lib/gcc/arm-none-eabi/5.4.1/../../../../arm-none-eabi/lib/armv7-m/crt0.o
 .bss           0x00000000        0x0 c:/progra~2/gnutoo~1/50a5a~1.420/bin/../lib/gcc/arm-none-eabi/5.4.1/../../../../arm-none-eabi/lib/armv7-m/crt0.o
 .ARM.extab     0x00000000        0x0 c:/progra~2/gnutoo~1/50a5a~1.420/bin/../lib/gcc/arm-none-eabi/5.4.1/../../../../arm-none-eabi/lib/armv7-m/crt0.o
 .ARM.exidx     0x00000000        0x8 c:/progra~2/gnutoo~1/50a5a~1.420/bin/../lib/gcc/arm-none-eabi/5.4.1/../../../../arm-none-eabi/lib/armv7-m/crt0.o
 .ARM.attributes
                0x00000000       0x1b c:/progra~2/gnutoo~1/50a5a~1.420/bin/../lib/gcc/arm-none-eabi/5.4.1/../../../../arm-none-eabi/lib/armv7-m/crt0.o
 .text          0x00000000        0x0 CMakeFiles/maze_stm32_cubemx+clion.elf.dir/Drivers/STM32F1xx_HAL_Driver/Src/stm32f1xx_hal.c.obj
 .data          0x00000000        0x0 CMakeFiles/maze_stm32_cubemx+clion.elf.dir/Drivers/STM32F1xx_HAL_Driver/Src/stm32f1xx_hal.c.obj
 .bss           0x00000000        0x0 CMakeFiles/maze_stm32_cubemx+clion.elf.dir/Drivers/STM32F1xx_HAL_Driver/Src/stm32f1xx_hal.c.obj
 .text.HAL_DeInit
                0x00000000       0x30 CMakeFiles/maze_stm32_cubemx+clion.elf.dir/Drivers/STM32F1xx_HAL_Driver/Src/stm32f1xx_hal.c.obj
 .text.HAL_MspInit
                0x00000000        0xc CMakeFiles/maze_stm32_cubemx+clion.elf.dir/Drivers/STM32F1xx_HAL_Driver/Src/stm32f1xx_hal.c.obj
 .text.HAL_MspDeInit
                0x00000000        0xc CMakeFiles/maze_stm32_cubemx+clion.elf.dir/Drivers/STM32F1xx_HAL_Driver/Src/stm32f1xx_hal.c.obj
 .text.HAL_GetTickPrio
                0x00000000       0x14 CMakeFiles/maze_stm32_cubemx+clion.elf.dir/Drivers/STM32F1xx_HAL_Driver/Src/stm32f1xx_hal.c.obj
 .text.HAL_SetTickFreq
                0x00000000       0x44 CMakeFiles/maze_stm32_cubemx+clion.elf.dir/Drivers/STM32F1xx_HAL_Driver/Src/stm32f1xx_hal.c.obj
 .text.HAL_GetTickFreq
                0x00000000       0x14 CMakeFiles/maze_stm32_cubemx+clion.elf.dir/Drivers/STM32F1xx_HAL_Driver/Src/stm32f1xx_hal.c.obj
 .text.HAL_SuspendTick
                0x00000000       0x1c CMakeFiles/maze_stm32_cubemx+clion.elf.dir/Drivers/STM32F1xx_HAL_Driver/Src/stm32f1xx_hal.c.obj
 .text.HAL_ResumeTick
                0x00000000       0x1c CMakeFiles/maze_stm32_cubemx+clion.elf.dir/Drivers/STM32F1xx_HAL_Driver/Src/stm32f1xx_hal.c.obj
 .text.HAL_GetHalVersion
                0x00000000       0x14 CMakeFiles/maze_stm32_cubemx+clion.elf.dir/Drivers/STM32F1xx_HAL_Driver/Src/stm32f1xx_hal.c.obj
 .text.HAL_GetREVID
                0x00000000       0x18 CMakeFiles/maze_stm32_cubemx+clion.elf.dir/Drivers/STM32F1xx_HAL_Driver/Src/stm32f1xx_hal.c.obj
 .text.HAL_GetDEVID
[...]
Memory Configuration

Name             Origin             Length             Attributes
RAM              0x20000000         0x0000c000         xrw
FLASH            0x08000000         0x00040000         xr
*default*        0x00000000         0xffffffff

Linker script and memory map

LOAD c:/progra~2/gnutoo~1/50a5a~1.420/bin/../lib/gcc/arm-none-eabi/5.4.1/armv7-m/crti.o
LOAD c:/progra~2/gnutoo~1/50a5a~1.420/bin/../lib/gcc/arm-none-eabi/5.4.1/armv7-m/crtbegin.o
LOAD c:/progra~2/gnutoo~1/50a5a~1.420/bin/../lib/gcc/arm-none-eabi/5.4.1/../../../../arm-none-eabi/lib/armv7-m/crt0.o
LOAD CMakeFiles/maze_stm32_cubemx+clion.elf.dir/Drivers/STM32F1xx_HAL_Driver/Src/stm32f1xx_hal.c.obj
LOAD CMakeFiles/maze_stm32_cubemx+clion.elf.dir/Drivers/STM32F1xx_HAL_Driver/Src/stm32f1xx_hal_cortex.c.obj
LOAD CMakeFiles/maze_stm32_cubemx+clion.elf.dir/Drivers/STM32F1xx_HAL_Driver/Src/stm32f1xx_hal_dma.c.obj
LOAD CMakeFiles/maze_stm32_cubemx+clion.elf.dir/Drivers/STM32F1xx_HAL_Driver/Src/stm32f1xx_hal_exti.c.obj
LOAD CMakeFiles/maze_stm32_cubemx+clion.elf.dir/Drivers/STM32F1xx_HAL_Driver/Src/stm32f1xx_hal_flash.c.obj
LOAD CMakeFiles/maze_stm32_cubemx+clion.elf.dir/Drivers/STM32F1xx_HAL_Driver/Src/stm32f1xx_hal_flash_ex.c.obj
LOAD CMakeFiles/maze_stm32_cubemx+clion.elf.dir/Drivers/STM32F1xx_HAL_Driver/Src/stm32f1xx_hal_gpio.c.obj
LOAD CMakeFiles/maze_stm32_cubemx+clion.elf.dir/Drivers/STM32F1xx_HAL_Driver/Src/stm32f1xx_hal_gpio_ex.c.obj
LOAD CMakeFiles/maze_stm32_cubemx+clion.elf.dir/Drivers/STM32F1xx_HAL_Driver/Src/stm32f1xx_hal_i2c.c.obj
LOAD CMakeFiles/maze_stm32_cubemx+clion.elf.dir/Drivers/STM32F1xx_HAL_Driver/Src/stm32f1xx_hal_pwr.c.obj
LOAD CMakeFiles/maze_stm32_cubemx+clion.elf.dir/Drivers/STM32F1xx_HAL_Driver/Src/stm32f1xx_hal_rcc.c.obj
LOAD CMakeFiles/maze_stm32_cubemx+clion.elf.dir/Drivers/STM32F1xx_HAL_Driver/Src/stm32f1xx_hal_rcc_ex.c.obj
LOAD CMakeFiles/maze_stm32_cubemx+clion.elf.dir/Drivers/STM32F1xx_HAL_Driver/Src/stm32f1xx_hal_tim.c.obj
LOAD CMakeFiles/maze_stm32_cubemx+clion.elf.dir/Drivers/STM32F1xx_HAL_Driver/Src/stm32f1xx_hal_tim_ex.c.obj
LOAD CMakeFiles/maze_stm32_cubemx+clion.elf.dir/Drivers/STM32F1xx_HAL_Driver/Src/stm32f1xx_hal_uart.c.obj
LOAD CMakeFiles/maze_stm32_cubemx+clion.elf.dir/Src/User/follow.c.obj
LOAD CMakeFiles/maze_stm32_cubemx+clion.elf.dir/Src/User/motor.c.obj
LOAD CMakeFiles/maze_stm32_cubemx+clion.elf.dir/Src/User/oled.c.obj
LOAD CMakeFiles/maze_stm32_cubemx+clion.elf.dir/Src/User/oled_motor.c.obj
LOAD CMakeFiles/maze_stm32_cubemx+clion.elf.dir/Src/gpio.c.obj
LOAD CMakeFiles/maze_stm32_cubemx+clion.elf.dir/Src/i2c.c.obj
LOAD CMakeFiles/maze_stm32_cubemx+clion.elf.dir/Src/main.c.obj
LOAD CMakeFiles/maze_stm32_cubemx+clion.elf.dir/Src/stm32f1xx_hal_msp.c.obj
LOAD CMakeFiles/maze_stm32_cubemx+clion.elf.dir/Src/stm32f1xx_it.c.obj
LOAD CMakeFiles/maze_stm32_cubemx+clion.elf.dir/Src/syscalls.c.obj
LOAD CMakeFiles/maze_stm32_cubemx+clion.elf.dir/Src/system_stm32f1xx.c.obj
LOAD CMakeFiles/maze_stm32_cubemx+clion.elf.dir/Src/tim.c.obj
LOAD CMakeFiles/maze_stm32_cubemx+clion.elf.dir/Src/usart.c.obj
LOAD CMakeFiles/maze_stm32_cubemx+clion.elf.dir/startup/startup_stm32f103xe.s.obj
START GROUP
LOAD c:/progra~2/gnutoo~1/50a5a~1.420/bin/../lib/gcc/arm-none-eabi/5.4.1/armv7-m\libgcc.a
LOAD c:/progra~2/gnutoo~1/50a5a~1.420/bin/../lib/gcc/arm-none-eabi/5.4.1/../../../../arm-none-eabi/lib/armv7-m\libg_nano.a
LOAD c:/progra~2/gnutoo~1/50a5a~1.420/bin/../lib/gcc/arm-none-eabi/5.4.1/../../../../arm-none-eabi/lib/armv7-m\libc_nano.a
END GROUP
START GROUP
LOAD c:/progra~2/gnutoo~1/50a5a~1.420/bin/../lib/gcc/arm-none-eabi/5.4.1/armv7-m\libgcc.a
LOAD c:/progra~2/gnutoo~1/50a5a~1.420/bin/../lib/gcc/arm-none-eabi/5.4.1/../../../../arm-none-eabi/lib/armv7-m\libc_nano.a
LOAD c:/progra~2/gnutoo~1/50a5a~1.420/bin/../lib/gcc/arm-none-eabi/5.4.1/../../../../arm-none-eabi/lib/armv7-m\libnosys.a
END GROUP
START GROUP
LOAD c:/progra~2/gnutoo~1/50a5a~1.420/bin/../lib/gcc/arm-none-eabi/5.4.1/armv7-m\libgcc.a
LOAD c:/progra~2/gnutoo~1/50a5a~1.420/bin/../lib/gcc/arm-none-eabi/5.4.1/../../../../arm-none-eabi/lib/armv7-m\libc_nano.a
LOAD c:/progra~2/gnutoo~1/50a5a~1.420/bin/../lib/gcc/arm-none-eabi/5.4.1/../../../../arm-none-eabi/lib/armv7-m\libnosys.a
END GROUP
LOAD c:/progra~2/gnutoo~1/50a5a~1.420/bin/../lib/gcc/arm-none-eabi/5.4.1/armv7-m/crtend.o
LOAD c:/progra~2/gnutoo~1/50a5a~1.420/bin/../lib/gcc/arm-none-eabi/5.4.1/armv7-m/crtn.o
                0x2000c000                _estack = 0x2000c000
                0x00000200                _Min_Heap_Size = 0x200
                0x00000400                _Min_Stack_Size = 0x400

.isr_vector     0x08000000      0x1e4
                0x08000000                . = ALIGN (0x4)
 *(.isr_vector)
 .isr_vector    0x08000000      0x1e4 CMakeFiles/maze_stm32_cubemx+clion.elf.dir/startup/startup_stm32f103xe.s.obj
                0x08000000                g_pfnVectors
                0x080001e4                . = ALIGN (0x4)

.text           0x080001e4     0x485c
                0x080001e4                . = ALIGN (0x4)
 *(.text)
 .text          0x080001e4       0x5c c:/progra~2/gnutoo~1/50a5a~1.420/bin/../lib/gcc/arm-none-eabi/5.4.1/armv7-m/crtbegin.o
 *(.text*)
 .text.HAL_Init
                0x08000240       0x2c CMakeFiles/maze_stm32_cubemx+clion.elf.dir/Drivers/STM32F1xx_HAL_Driver/Src/stm32f1xx_hal.c.obj
                0x08000240                HAL_Init
 .text.HAL_InitTick
                0x0800026c       0x60 CMakeFiles/maze_stm32_cubemx+clion.elf.dir/Drivers/STM32F1xx_HAL_Driver/Src/stm32f1xx_hal.c.obj
                0x0800026c                HAL_InitTick
 .text.HAL_IncTick
                0x080002cc       0x24 CMakeFiles/maze_stm32_cubemx+clion.elf.dir/Drivers/STM32F1xx_HAL_Driver/Src/stm32f1xx_hal.c.obj
                0x080002cc                HAL_IncTick
 .text.HAL_GetTick
                0x080002f0       0x14 CMakeFiles/maze_stm32_cubemx+clion.elf.dir/Drivers/STM32F1xx_HAL_Driver/Src/stm32f1xx_hal.c.obj
                0x080002f0                HAL_GetTick
 .text.HAL_Delay
                0x08000304       0x44 CMakeFiles/maze_stm32_cubemx+clion.elf.dir/Drivers/STM32F1xx_HAL_Driver/Src/stm32f1xx_hal.c.obj
                0x08000304                HAL_Delay
 .text.__NVIC_SetPriorityGrouping
                0x08000348       0x48 CMakeFiles/maze_stm32_cubemx+clion.elf.dir/Drivers/STM32F1xx_HAL_Driver/Src/stm32f1xx_hal_cortex.c.obj
 .text.__NVIC_GetPriorityGrouping
                0x08000390       0x1c CMakeFiles/maze_stm32_cubemx+clion.elf.dir/Drivers/STM32F1xx_HAL_Driver/Src/stm32f1xx_hal_cortex.c.obj
 .text.__NVIC_EnableIRQ
                0x080003ac       0x38 CMakeFiles/maze_stm32_cubemx+clion.elf.dir/Drivers/STM32F1xx_HAL_Driver/Src/stm32f1xx_hal_cortex.c.obj
 .text.__NVIC_SetPriority
                0x080003e4       0x54 CMakeFiles/maze_stm32_cubemx+clion.elf.dir/Drivers/STM32F1xx_HAL_Driver/Src/stm32f1xx_hal_cortex.c.obj
 .text.NVIC_EncodePriority
                0x08000438       0x60 CMakeFiles/maze_stm32_cubemx+clion.elf.dir/Drivers/STM32F1xx_HAL_Driver/Src/stm32f1xx_hal_cortex.c.obj
 .text.SysTick_Config
                0x08000498       0x44 CMakeFiles/maze_stm32_cubemx+clion.elf.dir/Drivers/STM32F1xx_HAL_Driver/Src/stm32f1xx_hal_cortex.c.obj
 .text.HAL_NVIC_SetPriorityGrouping
                0x080004dc       0x18 CMakeFiles/maze_stm32_cubemx+clion.elf.dir/Drivers/STM32F1xx_HAL_Driver/Src/stm32f1xx_hal_cortex.c.obj
                0x080004dc                HAL_NVIC_SetPriorityGrouping
 .text.HAL_NVIC_SetPriority
                0x080004f4       0x38 CMakeFiles/maze_stm32_cubemx+clion.elf.dir/Drivers/STM32F1xx_HAL_Driver/Src/stm32f1xx_hal_cortex.c.obj
                0x080004f4                HAL_NVIC_SetPriority
 .text.HAL_NVIC_EnableIRQ
                0x0800052c       0x1c CMakeFiles/maze_stm32_cubemx+clion.elf.dir/Drivers/STM32F1xx_HAL_Driver/Src/stm32f1xx_hal_cortex.c.obj
                0x0800052c                HAL_NVIC_EnableIRQ
 .text.HAL_SYSTICK_Config
                0x08000548       0x18 CMakeFiles/maze_stm32_cubemx+clion.elf.dir/Drivers/STM32F1xx_HAL_Driver/Src/stm32f1xx_hal_cortex.c.obj
                0x08000548                HAL_SYSTICK_Config
 .text.HAL_DMA_Abort_IT
                0x08000560      0x23c CMakeFiles/maze_stm32_cubemx+clion.elf.dir/Drivers/STM32F1xx_HAL_Driver/Src/stm32f1xx_hal_dma.c.obj
                0x08000560                HAL_DMA_Abort_IT
 .text.HAL_GPIO_Init
                0x0800079c      0x2d4 CMakeFiles/maze_stm32_cubemx+clion.elf.dir/Drivers/STM32F1xx_HAL_Driver/Src/stm32f1xx_hal_gpio.c.obj
                0x0800079c                HAL_GPIO_Init
 .text.HAL_GPIO_ReadPin
                0x08000a70       0x30 CMakeFiles/maze_stm32_cubemx+clion.elf.dir/Drivers/STM32F1xx_HAL_Driver/Src/stm32f1xx_hal_gpio.c.obj
                0x08000a70                HAL_GPIO_ReadPin
 .text.HAL_GPIO_WritePin
                0x08000aa0       0x30 CMakeFiles/maze_stm32_cubemx+clion.elf.dir/Drivers/STM32F1xx_HAL_Driver/Src/stm32f1xx_hal_gpio.c.obj
                0x08000aa0                HAL_GPIO_WritePin
 .text.HAL_GPIO_TogglePin
                0x08000ad0       0x30 CMakeFiles/maze_stm32_cubemx+clion.elf.dir/Drivers/STM32F1xx_HAL_Driver/Src/stm32f1xx_hal_gpio.c.obj
                0x08000ad0                HAL_GPIO_TogglePin
 .text.HAL_I2C_Init
                0x08000b00      0x250 CMakeFiles/maze_stm32_cubemx+clion.elf.dir/Drivers/STM32F1xx_HAL_Driver/Src/stm32f1xx_hal_i2c.c.obj
                0x08000b00                HAL_I2C_Init
 .text.HAL_I2C_Mem_Write
                0x08000d50      0x1f4 CMakeFiles/maze_stm32_cubemx+clion.elf.dir/Drivers/STM32F1xx_HAL_Driver/Src/stm32f1xx_hal_i2c.c.obj
                0x08000d50                HAL_I2C_Mem_Write
 .text.I2C_RequestMemoryWrite
                0x08000f44      0x110 CMakeFiles/maze_stm32_cubemx+clion.elf.dir/Drivers/STM32F1xx_HAL_Driver/Src/stm32f1xx_hal_i2c.c.obj
 .text.I2C_WaitOnFlagUntilTimeout
                0x08001054       0xb0 CMakeFiles/maze_stm32_cubemx+clion.elf.dir/Drivers/STM32F1xx_HAL_Driver/Src/stm32f1xx_hal_i2c.c.obj
 .text.I2C_WaitOnMasterAddressFlagUntilTimeout
                0x08001104       0xfc CMakeFiles/maze_stm32_cubemx+clion.elf.dir/Drivers/STM32F1xx_HAL_Driver/Src/stm32f1xx_hal_i2c.c.obj
 .text.I2C_WaitOnTXEFlagUntilTimeout
                0x08001200       0x84 CMakeFiles/maze_stm32_cubemx+clion.elf.dir/Drivers/STM32F1xx_HAL_Driver/Src/stm32f1xx_hal_i2c.c.obj
 .text.I2C_WaitOnBTFFlagUntilTimeout
                0x08001284       0x84 CMakeFiles/maze_stm32_cubemx+clion.elf.dir/Drivers/STM32F1xx_HAL_Driver/Src/stm32f1xx_hal_i2c.c.obj
 .text.I2C_IsAcknowledgeFailed
                0x08001308       0x5c CMakeFiles/maze_stm32_cubemx+clion.elf.dir/Drivers/STM32F1xx_HAL_Driver/Src/stm32f1xx_hal_i2c.c.obj
 .text.HAL_RCC_OscConfig
                0x08001364      0x4fc CMakeFiles/maze_stm32_cubemx+clion.elf.dir/Drivers/STM32F1xx_HAL_Driver/Src/stm32f1xx_hal_rcc.c.obj
                0x08001364                HAL_RCC_OscConfig
 .text.HAL_RCC_ClockConfig
                0x08001860      0x1d4 CMakeFiles/maze_stm32_cubemx+clion.elf.dir/Drivers/STM32F1xx_HAL_Driver/Src/stm32f1xx_hal_rcc.c.obj
                0x08001860                HAL_RCC_ClockConfig
 .text.HAL_RCC_GetSysClockFreq
                0x08001a34       0xc8 CMakeFiles/maze_stm32_cubemx+clion.elf.dir/Drivers/STM32F1xx_HAL_Driver/Src/stm32f1xx_hal_rcc.c.obj
                0x08001a34                HAL_RCC_GetSysClockFreq
 .text.HAL_RCC_GetHCLKFreq
                0x08001afc       0x14 CMakeFiles/maze_stm32_cubemx+clion.elf.dir/Drivers/STM32F1xx_HAL_Driver/Src/stm32f1xx_hal_rcc.c.obj
                0x08001afc                HAL_RCC_GetHCLKFreq
 .text.HAL_RCC_GetPCLK1Freq
                0x08001b10       0x28 CMakeFiles/maze_stm32_cubemx+clion.elf.dir/Drivers/STM32F1xx_HAL_Driver/Src/stm32f1xx_hal_rcc.c.obj
                0x08001b10                HAL_RCC_GetPCLK1Freq
 .text.HAL_RCC_GetPCLK2Freq
                0x08001b38       0x28 CMakeFiles/maze_stm32_cubemx+clion.elf.dir/Drivers/STM32F1xx_HAL_Driver/Src/stm32f1xx_hal_rcc.c.obj
                0x08001b38                HAL_RCC_GetPCLK2Freq
 .text.RCC_Delay
                0x08001b60       0x3c CMakeFiles/maze_stm32_cubemx+clion.elf.dir/Drivers/STM32F1xx_HAL_Driver/Src/stm32f1xx_hal_rcc.c.obj
 .text.HAL_TIM_Base_Init
                0x08001b9c       0x58 CMakeFiles/maze_stm32_cubemx+clion.elf.dir/Drivers/STM32F1xx_HAL_Driver/Src/stm32f1xx_hal_tim.c.obj
                0x08001b9c                HAL_TIM_Base_Init
 .text.HAL_TIM_Base_Start_IT
                0x08001bf4       0x48 CMakeFiles/maze_stm32_cubemx+clion.elf.dir/Drivers/STM32F1xx_HAL_Driver/Src/stm32f1xx_hal_tim.c.obj
                0x08001bf4                HAL_TIM_Base_Start_IT
 .text.HAL_TIM_PWM_Init
                0x08001c3c       0x58 CMakeFiles/maze_stm32_cubemx+clion.elf.dir/Drivers/STM32F1xx_HAL_Driver/Src/stm32f1xx_hal_tim.c.obj
                0x08001c3c                HAL_TIM_PWM_Init
 .text.HAL_TIM_PWM_Start
                0x08001c94       0x7c CMakeFiles/maze_stm32_cubemx+clion.elf.dir/Drivers/STM32F1xx_HAL_Driver/Src/stm32f1xx_hal_tim.c.obj
                0x08001c94                HAL_TIM_PWM_Start
 .text.HAL_TIM_Encoder_Init
                0x08001d10      0x11c CMakeFiles/maze_stm32_cubemx+clion.elf.dir/Drivers/STM32F1xx_HAL_Driver/Src/stm32f1xx_hal_tim.c.obj
                0x08001d10                HAL_TIM_Encoder_Init
 .text.HAL_TIM_Encoder_Start
                0x08001e2c       0x70 CMakeFiles/maze_stm32_cubemx+clion.elf.dir/Drivers/STM32F1xx_HAL_Driver/Src/stm32f1xx_hal_tim.c.obj
                0x08001e2c                HAL_TIM_Encoder_Start
 .text.HAL_TIM_IRQHandler
                0x08001e9c      0x210 CMakeFiles/maze_stm32_cubemx+clion.elf.dir/Drivers/STM32F1xx_HAL_Driver/Src/stm32f1xx_hal_tim.c.obj
                0x08001e9c                HAL_TIM_IRQHandler
 .text.HAL_TIM_PWM_ConfigChannel
                0x080020ac      0x18c CMakeFiles/maze_stm32_cubemx+clion.elf.dir/Drivers/STM32F1xx_HAL_Driver/Src/stm32f1xx_hal_tim.c.obj
                0x080020ac                HAL_TIM_PWM_ConfigChannel
 .text.HAL_TIM_OC_DelayElapsedCallback
                0x08002238       0x14 CMakeFiles/maze_stm32_cubemx+clion.elf.dir/Drivers/STM32F1xx_HAL_Driver/Src/stm32f1xx_hal_tim.c.obj
                0x08002238                HAL_TIM_OC_DelayElapsedCallback
 .text.HAL_TIM_IC_CaptureCallback
                0x0800224c       0x14 CMakeFiles/maze_stm32_cubemx+clion.elf.dir/Drivers/STM32F1xx_HAL_Driver/Src/stm32f1xx_hal_tim.c.obj
                0x0800224c                HAL_TIM_IC_CaptureCallback
 .text.HAL_TIM_PWM_PulseFinishedCallback
                0x08002260       0x14 CMakeFiles/maze_stm32_cubemx+clion.elf.dir/Drivers/STM32F1xx_HAL_Driver/Src/stm32f1xx_hal_tim.c.obj
                0x08002260                HAL_TIM_PWM_PulseFinishedCallback
 .text.HAL_TIM_TriggerCallback
                0x08002274       0x14 CMakeFiles/maze_stm32_cubemx+clion.elf.dir/Drivers/STM32F1xx_HAL_Driver/Src/stm32f1xx_hal_tim.c.obj
                0x08002274                HAL_TIM_TriggerCallback
 .text.TIM_Base_SetConfig
                0x08002288       0xf4 CMakeFiles/maze_stm32_cubemx+clion.elf.dir/Drivers/STM32F1xx_HAL_Driver/Src/stm32f1xx_hal_tim.c.obj
                0x08002288                TIM_Base_SetConfig
 .text.TIM_OC1_SetConfig
                0x0800237c       0xe0 CMakeFiles/maze_stm32_cubemx+clion.elf.dir/Drivers/STM32F1xx_HAL_Driver/Src/stm32f1xx_hal_tim.c.obj
 .text.TIM_OC2_SetConfig
                0x0800245c       0xe8 CMakeFiles/maze_stm32_cubemx+clion.elf.dir/Drivers/STM32F1xx_HAL_Driver/Src/stm32f1xx_hal_tim.c.obj
                0x0800245c                TIM_OC2_SetConfig
 .text.TIM_OC3_SetConfig
                0x08002544       0xe8 CMakeFiles/maze_stm32_cubemx+clion.elf.dir/Drivers/STM32F1xx_HAL_Driver/Src/stm32f1xx_hal_tim.c.obj
 .text.TIM_OC4_SetConfig
                0x0800262c       0xa8 CMakeFiles/maze_stm32_cubemx+clion.elf.dir/Drivers/STM32F1xx_HAL_Driver/Src/stm32f1xx_hal_tim.c.obj
 .text.TIM_CCxChannelCmd
                0x080026d4       0x48 CMakeFiles/maze_stm32_cubemx+clion.elf.dir/Drivers/STM32F1xx_HAL_Driver/Src/stm32f1xx_hal_tim.c.obj
                0x080026d4                TIM_CCxChannelCmd
 .text.HAL_TIMEx_MasterConfigSynchronization
                0x0800271c       0x88 CMakeFiles/maze_stm32_cubemx+clion.elf.dir/Drivers/STM32F1xx_HAL_Driver/Src/stm32f1xx_hal_tim_ex.c.obj
                0x0800271c                HAL_TIMEx_MasterConfigSynchronization
 .text.HAL_TIMEx_ConfigBreakDeadTime
                0x080027a4       0xa4 CMakeFiles/maze_stm32_cubemx+clion.elf.dir/Drivers/STM32F1xx_HAL_Driver/Src/stm32f1xx_hal_tim_ex.c.obj
                0x080027a4                HAL_TIMEx_ConfigBreakDeadTime
 .text.HAL_TIMEx_CommutCallback
                0x08002848       0x14 CMakeFiles/maze_stm32_cubemx+clion.elf.dir/Drivers/STM32F1xx_HAL_Driver/Src/stm32f1xx_hal_tim_ex.c.obj
                0x08002848                HAL_TIMEx_CommutCallback
 .text.HAL_TIMEx_BreakCallback
                0x0800285c       0x14 CMakeFiles/maze_stm32_cubemx+clion.elf.dir/Drivers/STM32F1xx_HAL_Driver/Src/stm32f1xx_hal_tim_ex.c.obj
                0x0800285c                HAL_TIMEx_BreakCallback
 .text.HAL_UART_Init
                0x08002870       0x9c CMakeFiles/maze_stm32_cubemx+clion.elf.dir/Drivers/STM32F1xx_HAL_Driver/Src/stm32f1xx_hal_uart.c.obj
                0x08002870                HAL_UART_Init
 .text.HAL_UART_Transmit
                0x0800290c      0x130 CMakeFiles/maze_stm32_cubemx+clion.elf.dir/Drivers/STM32F1xx_HAL_Driver/Src/stm32f1xx_hal_uart.c.obj
                0x0800290c                HAL_UART_Transmit
 .text.HAL_UART_Receive_IT
                0x08002a3c       0xa8 CMakeFiles/maze_stm32_cubemx+clion.elf.dir/Drivers/STM32F1xx_HAL_Driver/Src/stm32f1xx_hal_uart.c.obj
                0x08002a3c                HAL_UART_Receive_IT
 .text.HAL_UART_IRQHandler
                0x08002ae4      0x1f8 CMakeFiles/maze_stm32_cubemx+clion.elf.dir/Drivers/STM32F1xx_HAL_Driver/Src/stm32f1xx_hal_uart.c.obj
                0x08002ae4                HAL_UART_IRQHandler
 .text.HAL_UART_TxCpltCallback
                0x08002cdc       0x14 CMakeFiles/maze_stm32_cubemx+clion.elf.dir/Drivers/STM32F1xx_HAL_Driver/Src/stm32f1xx_hal_uart.c.obj
                0x08002cdc                HAL_UART_TxCpltCallback
 .text.HAL_UART_ErrorCallback
                0x08002cf0       0x14 CMakeFiles/maze_stm32_cubemx+clion.elf.dir/Drivers/STM32F1xx_HAL_Driver/Src/stm32f1xx_hal_uart.c.obj
                0x08002cf0                HAL_UART_ErrorCallback
 .text.UART_WaitOnFlagUntilTimeout
                0x08002d04       0x94 CMakeFiles/maze_stm32_cubemx+clion.elf.dir/Drivers/STM32F1xx_HAL_Driver/Src/stm32f1xx_hal_uart.c.obj
 .text.UART_EndRxTransfer
                0x08002d98       0x3c CMakeFiles/maze_stm32_cubemx+clion.elf.dir/Drivers/STM32F1xx_HAL_Driver/Src/stm32f1xx_hal_uart.c.obj
 .text.UART_DMAAbortOnError
                0x08002dd4       0x28 CMakeFiles/maze_stm32_cubemx+clion.elf.dir/Drivers/STM32F1xx_HAL_Driver/Src/stm32f1xx_hal_uart.c.obj
 .text.UART_Transmit_IT
                0x08002dfc       0xa8 CMakeFiles/maze_stm32_cubemx+clion.elf.dir/Drivers/STM32F1xx_HAL_Driver/Src/stm32f1xx_hal_uart.c.obj
 .text.UART_EndTransmit_IT
                0x08002ea4       0x30 CMakeFiles/maze_stm32_cubemx+clion.elf.dir/Drivers/STM32F1xx_HAL_Driver/Src/stm32f1xx_hal_uart.c.obj
 .text.UART_Receive_IT
                0x08002ed4      0x104 CMakeFiles/maze_stm32_cubemx+clion.elf.dir/Drivers/STM32F1xx_HAL_Driver/Src/stm32f1xx_hal_uart.c.obj
 .text.UART_SetConfig
                0x08002fd8      0x1b4 CMakeFiles/maze_stm32_cubemx+clion.elf.dir/Drivers/STM32F1xx_HAL_Driver/Src/stm32f1xx_hal_uart.c.obj
 .text.flash_ir
                0x0800318c       0xb0 CMakeFiles/maze_stm32_cubemx+clion.elf.dir/Src/User/follow.c.obj
                0x0800318c                flash_ir
 .text.check_ENC
                0x0800323c       0x48 CMakeFiles/maze_stm32_cubemx+clion.elf.dir/Src/User/motor.c.obj
                0x0800323c                check_ENC
 .text.plus_ADD
                0x08003284       0x30 CMakeFiles/maze_stm32_cubemx+clion.elf.dir/Src/User/motor.c.obj
                0x08003284                plus_ADD
 .text.incremental_PI_vel
                0x080032b4       0x54 CMakeFiles/maze_stm32_cubemx+clion.elf.dir/Src/User/motor.c.obj
                0x080032b4                incremental_PI_vel
 .text.range_PWM
                0x08003308       0x60 CMakeFiles/maze_stm32_cubemx+clion.elf.dir/Src/User/motor.c.obj
                0x08003308                range_PWM
 .text.set_PWM  0x08003368       0x80 CMakeFiles/maze_stm32_cubemx+clion.elf.dir/Src/User/motor.c.obj
                0x08003368                set_PWM
 .text.WriteCmd
                0x080033e8       0x4c CMakeFiles/maze_stm32_cubemx+clion.elf.dir/Src/User/oled.c.obj
                0x080033e8                WriteCmd
 .text.OLED_WR_CMD
                0x08003434       0x30 CMakeFiles/maze_stm32_cubemx+clion.elf.dir/Src/User/oled.c.obj
                0x08003434                OLED_WR_CMD
 .text.OLED_WR_DATA
                0x08003464       0x30 CMakeFiles/maze_stm32_cubemx+clion.elf.dir/Src/User/oled.c.obj
                0x08003464                OLED_WR_DATA
 .text.OLED_Init
                0x08003494       0x14 CMakeFiles/maze_stm32_cubemx+clion.elf.dir/Src/User/oled.c.obj
                0x08003494                OLED_Init
 .text.OLED_Clear
                0x080034a8       0x54 CMakeFiles/maze_stm32_cubemx+clion.elf.dir/Src/User/oled.c.obj
                0x080034a8                OLED_Clear
 .text.OLED_Set_Pos
                0x080034fc       0x44 CMakeFiles/maze_stm32_cubemx+clion.elf.dir/Src/User/oled.c.obj
                0x080034fc                OLED_Set_Pos
 .text.OLED_ShowChar
                0x08003540       0xf4 CMakeFiles/maze_stm32_cubemx+clion.elf.dir/Src/User/oled.c.obj
                0x08003540                OLED_ShowChar
 .text.OLED_ShowString
                0x08003634       0x60 CMakeFiles/maze_stm32_cubemx+clion.elf.dir/Src/User/oled.c.obj
                0x08003634                OLED_ShowString
 .text.OLED_preFlash
                0x08003694       0x7c CMakeFiles/maze_stm32_cubemx+clion.elf.dir/Src/User/oled_motor.c.obj
                0x08003694                OLED_preFlash
 .text.change   0x08003710       0xa8 CMakeFiles/maze_stm32_cubemx+clion.elf.dir/Src/User/oled_motor.c.obj
                0x08003710                change
 .text.flash_OLED_info
                0x080037b8      0x178 CMakeFiles/maze_stm32_cubemx+clion.elf.dir/Src/User/oled_motor.c.obj
                0x080037b8                flash_OLED_info
 .text.MX_GPIO_Init
                0x08003930      0x100 CMakeFiles/maze_stm32_cubemx+clion.elf.dir/Src/gpio.c.obj
                0x08003930                MX_GPIO_Init
 .text.MX_I2C2_Init
                0x08003a30       0x5c CMakeFiles/maze_stm32_cubemx+clion.elf.dir/Src/i2c.c.obj
                0x08003a30                MX_I2C2_Init
 .text.HAL_I2C_MspInit
                0x08003a8c       0x80 CMakeFiles/maze_stm32_cubemx+clion.elf.dir/Src/i2c.c.obj
                0x08003a8c                HAL_I2C_MspInit
 .text.para_init
                0x08003b0c       0x80 CMakeFiles/maze_stm32_cubemx+clion.elf.dir/Src/main.c.obj
                0x08003b0c                para_init
 .text.check_timeout
                0x08003b8c       0x58 CMakeFiles/maze_stm32_cubemx+clion.elf.dir/Src/main.c.obj
                0x08003b8c                check_timeout
 .text.control_motor
                0x08003be4      0x174 CMakeFiles/maze_stm32_cubemx+clion.elf.dir/Src/main.c.obj
                0x08003be4                control_motor
 .text.main     0x08003d58       0xf8 CMakeFiles/maze_stm32_cubemx+clion.elf.dir/Src/main.c.obj
                0x08003d58                main
 .text.SystemClock_Config
                0x08003e50       0x8c CMakeFiles/maze_stm32_cubemx+clion.elf.dir/Src/main.c.obj
                0x08003e50                SystemClock_Config
 .text.HAL_TIM_PeriodElapsedCallback
                0x08003edc       0x9c CMakeFiles/maze_stm32_cubemx+clion.elf.dir/Src/main.c.obj
                0x08003edc                HAL_TIM_PeriodElapsedCallback
 .text.HAL_UART_RxCpltCallback
                0x08003f78      0x13c CMakeFiles/maze_stm32_cubemx+clion.elf.dir/Src/main.c.obj
                0x08003f78                HAL_UART_RxCpltCallback
 .text.Error_Handler
                0x080040b4        0xc CMakeFiles/maze_stm32_cubemx+clion.elf.dir/Src/main.c.obj
                0x080040b4                Error_Handler
 .text.HAL_MspInit
                0x080040c0       0x64 CMakeFiles/maze_stm32_cubemx+clion.elf.dir/Src/stm32f1xx_hal_msp.c.obj
                0x080040c0                HAL_MspInit
 .text.NMI_Handler
                0x08004124        0xc CMakeFiles/maze_stm32_cubemx+clion.elf.dir/Src/stm32f1xx_it.c.obj
                0x08004124                NMI_Handler
 .text.HardFault_Handler
                0x08004130        0x8 CMakeFiles/maze_stm32_cubemx+clion.elf.dir/Src/stm32f1xx_it.c.obj
                0x08004130                HardFault_Handler
 .text.MemManage_Handler
                0x08004138        0x8 CMakeFiles/maze_stm32_cubemx+clion.elf.dir/Src/stm32f1xx_it.c.obj
                0x08004138                MemManage_Handler
 .text.BusFault_Handler
                0x08004140        0x8 CMakeFiles/maze_stm32_cubemx+clion.elf.dir/Src/stm32f1xx_it.c.obj
                0x08004140                BusFault_Handler
 .text.UsageFault_Handler
                0x08004148        0x8 CMakeFiles/maze_stm32_cubemx+clion.elf.dir/Src/stm32f1xx_it.c.obj
                0x08004148                UsageFault_Handler
 .text.SVC_Handler
                0x08004150        0xc CMakeFiles/maze_stm32_cubemx+clion.elf.dir/Src/stm32f1xx_it.c.obj
                0x08004150                SVC_Handler
 .text.DebugMon_Handler
                0x0800415c        0xc CMakeFiles/maze_stm32_cubemx+clion.elf.dir/Src/stm32f1xx_it.c.obj
                0x0800415c                DebugMon_Handler
 .text.PendSV_Handler
                0x08004168        0xc CMakeFiles/maze_stm32_cubemx+clion.elf.dir/Src/stm32f1xx_it.c.obj
                0x08004168                PendSV_Handler
 .text.SysTick_Handler
                0x08004174        0xc CMakeFiles/maze_stm32_cubemx+clion.elf.dir/Src/stm32f1xx_it.c.obj
                0x08004174                SysTick_Handler
 .text.USART1_IRQHandler
                0x08004180       0x14 CMakeFiles/maze_stm32_cubemx+clion.elf.dir/Src/stm32f1xx_it.c.obj
                0x08004180                USART1_IRQHandler
 .text.USART2_IRQHandler
                0x08004194       0x14 CMakeFiles/maze_stm32_cubemx+clion.elf.dir/Src/stm32f1xx_it.c.obj
                0x08004194                USART2_IRQHandler
 .text.TIM6_IRQHandler
                0x080041a8       0x14 CMakeFiles/maze_stm32_cubemx+clion.elf.dir/Src/stm32f1xx_it.c.obj
                0x080041a8                TIM6_IRQHandler
 .text.TIM7_IRQHandler
                0x080041bc       0x14 CMakeFiles/maze_stm32_cubemx+clion.elf.dir/Src/stm32f1xx_it.c.obj
                0x080041bc                TIM7_IRQHandler
 .text.SystemInit
                0x080041d0       0x68 CMakeFiles/maze_stm32_cubemx+clion.elf.dir/Src/system_stm32f1xx.c.obj
                0x080041d0                SystemInit
 .text.MX_TIM3_Init
                0x08004238       0xa8 CMakeFiles/maze_stm32_cubemx+clion.elf.dir/Src/tim.c.obj
                0x08004238                MX_TIM3_Init
 .text.MX_TIM4_Init
                0x080042e0       0xa8 CMakeFiles/maze_stm32_cubemx+clion.elf.dir/Src/tim.c.obj
                0x080042e0                MX_TIM4_Init
 .text.MX_TIM6_Init
                0x08004388       0x6c CMakeFiles/maze_stm32_cubemx+clion.elf.dir/Src/tim.c.obj
                0x08004388                MX_TIM6_Init
 .text.MX_TIM7_Init
                0x080043f4       0x6c CMakeFiles/maze_stm32_cubemx+clion.elf.dir/Src/tim.c.obj
                0x080043f4                MX_TIM7_Init
 .text.MX_TIM8_Init
                0x08004460      0x150 CMakeFiles/maze_stm32_cubemx+clion.elf.dir/Src/tim.c.obj
                0x08004460                MX_TIM8_Init
 .text.HAL_TIM_Encoder_MspInit
                0x080045b0       0xd8 CMakeFiles/maze_stm32_cubemx+clion.elf.dir/Src/tim.c.obj
                0x080045b0                HAL_TIM_Encoder_MspInit
 .text.HAL_TIM_Base_MspInit
                0x08004688       0x84 CMakeFiles/maze_stm32_cubemx+clion.elf.dir/Src/tim.c.obj
                0x08004688                HAL_TIM_Base_MspInit
 .text.HAL_TIM_PWM_MspInit
                0x0800470c       0x3c CMakeFiles/maze_stm32_cubemx+clion.elf.dir/Src/tim.c.obj
                0x0800470c                HAL_TIM_PWM_MspInit
 .text.HAL_TIM_MspPostInit
                0x08004748       0x68 CMakeFiles/maze_stm32_cubemx+clion.elf.dir/Src/tim.c.obj
                0x08004748                HAL_TIM_MspPostInit
 .text.MX_USART1_UART_Init
                0x080047b0       0x54 CMakeFiles/maze_stm32_cubemx+clion.elf.dir/Src/usart.c.obj
                0x080047b0                MX_USART1_UART_Init
 .text.MX_USART2_UART_Init
                0x08004804       0x54 CMakeFiles/maze_stm32_cubemx+clion.elf.dir/Src/usart.c.obj
                0x08004804                MX_USART2_UART_Init
 .text.HAL_UART_MspInit
                0x08004858      0x128 CMakeFiles/maze_stm32_cubemx+clion.elf.dir/Src/usart.c.obj
                0x08004858                HAL_UART_MspInit
 .text.Reset_Handler
                0x08004980       0x48 CMakeFiles/maze_stm32_cubemx+clion.elf.dir/startup/startup_stm32f103xe.s.obj
                0x08004980                Reset_Handler
 .text.Default_Handler
                0x080049c8        0x2 CMakeFiles/maze_stm32_cubemx+clion.elf.dir/startup/startup_stm32f103xe.s.obj
                0x080049c8                RTC_Alarm_IRQHandler
                0x080049c8                EXTI2_IRQHandler
                0x080049c8                TIM8_TRG_COM_IRQHandler
                0x080049c8                TIM8_CC_IRQHandler
                0x080049c8                TIM1_CC_IRQHandler
                0x080049c8                PVD_IRQHandler
                0x080049c8                SDIO_IRQHandler
                0x080049c8                EXTI3_IRQHandler
                0x080049c8                EXTI0_IRQHandler
                0x080049c8                I2C2_EV_IRQHandler
                0x080049c8                ADC1_2_IRQHandler
                0x080049c8                SPI1_IRQHandler
                0x080049c8                TAMPER_IRQHandler
                0x080049c8                TIM8_UP_IRQHandler
                0x080049c8                DMA2_Channel2_IRQHandler
                0x080049c8                DMA1_Channel4_IRQHandler
                0x080049c8                USART3_IRQHandler
                0x080049c8                RTC_IRQHandler
                0x080049c8                DMA1_Channel7_IRQHandler
                0x080049c8                CAN1_RX1_IRQHandler
                0x080049c8                UART5_IRQHandler
                0x080049c8                ADC3_IRQHandler
                0x080049c8                TIM4_IRQHandler
                0x080049c8                DMA2_Channel1_IRQHandler
                0x080049c8                I2C1_EV_IRQHandler
                0x080049c8                DMA1_Channel6_IRQHandler
                0x080049c8                UART4_IRQHandler
                0x080049c8                TIM3_IRQHandler
                0x080049c8                RCC_IRQHandler
                0x080049c8                TIM1_TRG_COM_IRQHandler
                0x080049c8                DMA1_Channel1_IRQHandler
                0x080049c8                Default_Handler
                0x080049c8                EXTI15_10_IRQHandler
                0x080049c8                TIM5_IRQHandler
                0x080049c8                EXTI9_5_IRQHandler
                0x080049c8                SPI2_IRQHandler
                0x080049c8                DMA1_Channel5_IRQHandler
                0x080049c8                EXTI4_IRQHandler
                0x080049c8                USB_LP_CAN1_RX0_IRQHandler
                0x080049c8                USB_HP_CAN1_TX_IRQHandler
                0x080049c8                DMA1_Channel3_IRQHandler
                0x080049c8                FSMC_IRQHandler
                0x080049c8                TIM1_UP_IRQHandler
                0x080049c8                WWDG_IRQHandler
                0x080049c8                TIM2_IRQHandler
                0x080049c8                TIM1_BRK_IRQHandler
                0x080049c8                EXTI1_IRQHandler
                0x080049c8                DMA2_Channel4_5_IRQHandler
                0x080049c8                I2C2_ER_IRQHandler
                0x080049c8                DMA1_Channel2_IRQHandler
                0x080049c8                TIM8_BRK_IRQHandler
                0x080049c8                CAN1_SCE_IRQHandler
                0x080049c8                FLASH_IRQHandler
                0x080049c8                SPI3_IRQHandler
                0x080049c8                I2C1_ER_IRQHandler
                0x080049c8                USBWakeUp_IRQHandler
                0x080049c8                DMA2_Channel3_IRQHandler
 *fill*         0x080049ca        0x2 
 .text.__libc_init_array
                0x080049cc       0x4c c:/progra~2/gnutoo~1/50a5a~1.420/bin/../lib/gcc/arm-none-eabi/5.4.1/../../../../arm-none-eabi/lib/armv7-m\libg_nano.a(lib_a-init.o)
                0x080049cc                __libc_init_array
 .text.memset   0x08004a18       0x10 c:/progra~2/gnutoo~1/50a5a~1.420/bin/../lib/gcc/arm-none-eabi/5.4.1/../../../../arm-none-eabi/lib/armv7-m\libg_nano.a(lib_a-memset.o)
                0x08004a18                memset
 *(.glue_7)
 .glue_7        0x08004a28        0x0 linker stubs
 *(.glue_7t)
 .glue_7t       0x08004a28        0x0 linker stubs
 *(.eh_frame)
 .eh_frame      0x08004a28        0x0 c:/progra~2/gnutoo~1/50a5a~1.420/bin/../lib/gcc/arm-none-eabi/5.4.1/armv7-m/crtbegin.o
 *(.init)
 .init          0x08004a28        0x4 c:/progra~2/gnutoo~1/50a5a~1.420/bin/../lib/gcc/arm-none-eabi/5.4.1/armv7-m/crti.o
                0x08004a28                _init
 .init          0x08004a2c        0x8 c:/progra~2/gnutoo~1/50a5a~1.420/bin/../lib/gcc/arm-none-eabi/5.4.1/armv7-m/crtn.o
 *(.fini)
 .fini          0x08004a34        0x4 c:/progra~2/gnutoo~1/50a5a~1.420/bin/../lib/gcc/arm-none-eabi/5.4.1/armv7-m/crti.o
                0x08004a34                _fini
 .fini          0x08004a38        0x8 c:/progra~2/gnutoo~1/50a5a~1.420/bin/../lib/gcc/arm-none-eabi/5.4.1/armv7-m/crtn.o
                0x08004a40                . = ALIGN (0x4)
                0x08004a40                _etext = .

.vfp11_veneer   0x08004a40        0x0
 .vfp11_veneer  0x08004a40        0x0 linker stubs

.v4_bx          0x08004a40        0x0
 .v4_bx         0x08004a40        0x0 linker stubs

.iplt           0x08004a40        0x0
 .iplt          0x08004a40        0x0 c:/progra~2/gnutoo~1/50a5a~1.420/bin/../lib/gcc/arm-none-eabi/5.4.1/armv7-m/crtbegin.o

.rodata         0x08004a40      0x854
                0x08004a40                . = ALIGN (0x4)
 *(.rodata)
 .rodata        0x08004a40       0x12 CMakeFiles/maze_stm32_cubemx+clion.elf.dir/Drivers/STM32F1xx_HAL_Driver/Src/stm32f1xx_hal_rcc.c.obj
 *fill*         0x08004a52        0x2 
 .rodata        0x08004a54       0x20 CMakeFiles/maze_stm32_cubemx+clion.elf.dir/Src/User/oled_motor.c.obj
 *(.rodata*)
 .rodata.F6x8   0x08004a74      0x228 CMakeFiles/maze_stm32_cubemx+clion.elf.dir/Src/User/oled.c.obj
                0x08004a74                F6x8
 .rodata.F8X16  0x08004c9c      0x5e0 CMakeFiles/maze_stm32_cubemx+clion.elf.dir/Src/User/oled.c.obj
                0x08004c9c                F8X16
 .rodata.AHBPrescTable
                0x0800527c       0x10 CMakeFiles/maze_stm32_cubemx+clion.elf.dir/Src/system_stm32f1xx.c.obj
                0x0800527c                AHBPrescTable
 .rodata.APBPrescTable
                0x0800528c        0x8 CMakeFiles/maze_stm32_cubemx+clion.elf.dir/Src/system_stm32f1xx.c.obj
                0x0800528c                APBPrescTable
                0x08005294                . = ALIGN (0x4)

.rel.dyn        0x08005294        0x0
 .rel.iplt      0x08005294        0x0 c:/progra~2/gnutoo~1/50a5a~1.420/bin/../lib/gcc/arm-none-eabi/5.4.1/armv7-m/crtbegin.o

.ARM.extab
 *(.ARM.extab* .gnu.linkonce.armextab.*)

.ARM            0x08005294        0x0
                0x08005294                __exidx_start = .
 *(.ARM.exidx*)
                0x08005294                __exidx_end = .

.preinit_array  0x08005294        0x0
                0x08005294                PROVIDE (__preinit_array_start, .)
 *(.preinit_array*)
                0x08005294                PROVIDE (__preinit_array_end, .)

.init_array     0x08005294        0x4
                0x08005294                PROVIDE (__init_array_start, .)
 *(SORT(.init_array.*))
 *(.init_array*)
 .init_array    0x08005294        0x4 c:/progra~2/gnutoo~1/50a5a~1.420/bin/../lib/gcc/arm-none-eabi/5.4.1/armv7-m/crtbegin.o
                0x08005298                PROVIDE (__init_array_end, .)

.fini_array     0x08005298        0x4
                [!provide]                PROVIDE (__fini_array_start, .)
 *(SORT(.fini_array.*))
 *(.fini_array*)
 .fini_array    0x08005298        0x4 c:/progra~2/gnutoo~1/50a5a~1.420/bin/../lib/gcc/arm-none-eabi/5.4.1/armv7-m/crtbegin.o
                [!provide]                PROVIDE (__fini_array_end, .)
                0x0800529c                _sidata = LOADADDR (.data)

.data           0x20000000       0x2c load address 0x0800529c
                0x20000000                . = ALIGN (0x4)
                0x20000000                _sdata = .
 *(.data)
 *(.data*)
 .data.uwTickPrio
                0x20000000        0x4 CMakeFiles/maze_stm32_cubemx+clion.elf.dir/Drivers/STM32F1xx_HAL_Driver/Src/stm32f1xx_hal.c.obj
                0x20000000                uwTickPrio
 .data.uwTickFreq
                0x20000004        0x1 CMakeFiles/maze_stm32_cubemx+clion.elf.dir/Drivers/STM32F1xx_HAL_Driver/Src/stm32f1xx_hal.c.obj
                0x20000004                uwTickFreq
 *fill*         0x20000005        0x3 
 .data.CMD_Data
                0x20000008       0x1b CMakeFiles/maze_stm32_cubemx+clion.elf.dir/Src/User/oled.c.obj
                0x20000008                CMD_Data
 .data.x1.6537  0x20000023        0x1 CMakeFiles/maze_stm32_cubemx+clion.elf.dir/Src/User/oled_motor.c.obj
 .data.y1.6539  0x20000024        0x1 CMakeFiles/maze_stm32_cubemx+clion.elf.dir/Src/User/oled_motor.c.obj
 .data.char_size.6541
                0x20000025        0x1 CMakeFiles/maze_stm32_cubemx+clion.elf.dir/Src/User/oled_motor.c.obj
 .data.x2.6538  0x20000026        0x1 CMakeFiles/maze_stm32_cubemx+clion.elf.dir/Src/User/oled_motor.c.obj
 .data.y2.6540  0x20000027        0x1 CMakeFiles/maze_stm32_cubemx+clion.elf.dir/Src/User/oled_motor.c.obj
 .data.SystemCoreClock
                0x20000028        0x4 CMakeFiles/maze_stm32_cubemx+clion.elf.dir/Src/system_stm32f1xx.c.obj
                0x20000028                SystemCoreClock
                0x2000002c                . = ALIGN (0x4)
                0x2000002c                _edata = .

.jcr            0x2000002c        0x0 load address 0x080052c8
 .jcr           0x2000002c        0x0 c:/progra~2/gnutoo~1/50a5a~1.420/bin/../lib/gcc/arm-none-eabi/5.4.1/armv7-m/crtbegin.o

.igot.plt       0x2000002c        0x0 load address 0x080052c8
 .igot.plt      0x2000002c        0x0 c:/progra~2/gnutoo~1/50a5a~1.420/bin/../lib/gcc/arm-none-eabi/5.4.1/armv7-m/crtbegin.o
                0x2000002c                . = ALIGN (0x4)

.bss            0x2000002c      0x2dc load address 0x080052c8
                0x2000002c                _sbss = .
                0x2000002c                __bss_start__ = _sbss
 *(.bss)
 .bss           0x2000002c       0x1c c:/progra~2/gnutoo~1/50a5a~1.420/bin/../lib/gcc/arm-none-eabi/5.4.1/armv7-m/crtbegin.o
 *(.bss*)
 .bss.uwTick    0x20000048        0x4 CMakeFiles/maze_stm32_cubemx+clion.elf.dir/Drivers/STM32F1xx_HAL_Driver/Src/stm32f1xx_hal.c.obj
                0x20000048                uwTick
 .bss.str_tgtA.6542
                0x2000004c        0x6 CMakeFiles/maze_stm32_cubemx+clion.elf.dir/Src/User/oled_motor.c.obj
 *fill*         0x20000052        0x2 
 .bss.str_tgtB.6543
                0x20000054        0x6 CMakeFiles/maze_stm32_cubemx+clion.elf.dir/Src/User/oled_motor.c.obj
 *fill*         0x2000005a        0x2 
 .bss.str_pwmA.6544
                0x2000005c        0x6 CMakeFiles/maze_stm32_cubemx+clion.elf.dir/Src/User/oled_motor.c.obj
 *fill*         0x20000062        0x2 
 .bss.str_pwmB.6545
                0x20000064        0x6 CMakeFiles/maze_stm32_cubemx+clion.elf.dir/Src/User/oled_motor.c.obj
 *fill*         0x2000006a        0x2 
 .bss.str_encA.6546
                0x2000006c        0x6 CMakeFiles/maze_stm32_cubemx+clion.elf.dir/Src/User/oled_motor.c.obj
 *fill*         0x20000072        0x2 
 .bss.str_encB.6547
                0x20000074        0x6 CMakeFiles/maze_stm32_cubemx+clion.elf.dir/Src/User/oled_motor.c.obj
 *fill*         0x2000007a        0x2 
 .bss.str_addA.6548
                0x2000007c        0x6 CMakeFiles/maze_stm32_cubemx+clion.elf.dir/Src/User/oled_motor.c.obj
 *fill*         0x20000082        0x2 
 .bss.str_addB.6549
                0x20000084        0x6 CMakeFiles/maze_stm32_cubemx+clion.elf.dir/Src/User/oled_motor.c.obj
 *fill*         0x2000008a        0x2 
 .bss.str_speed.6550
                0x2000008c        0x6 CMakeFiles/maze_stm32_cubemx+clion.elf.dir/Src/User/oled_motor.c.obj
 *fill*         0x20000092        0x2 
 .bss.hi2c2     0x20000094       0x54 CMakeFiles/maze_stm32_cubemx+clion.elf.dir/Src/i2c.c.obj
                0x20000094                hi2c2
 .bss.RxBuffer1
                0x200000e8        0x1 CMakeFiles/maze_stm32_cubemx+clion.elf.dir/Src/main.c.obj
                0x200000e8                RxBuffer1
 .bss.RxBuffer2
                0x200000e9        0x1 CMakeFiles/maze_stm32_cubemx+clion.elf.dir/Src/main.c.obj
                0x200000e9                RxBuffer2
 *fill*         0x200000ea        0x2 
 .bss.leftInfo  0x200000ec       0x10 CMakeFiles/maze_stm32_cubemx+clion.elf.dir/Src/main.c.obj
                0x200000ec                leftInfo
 .bss.rightInfo
                0x200000fc       0x10 CMakeFiles/maze_stm32_cubemx+clion.elf.dir/Src/main.c.obj
                0x200000fc                rightInfo
 .bss.leftPIvel
                0x2000010c       0x10 CMakeFiles/maze_stm32_cubemx+clion.elf.dir/Src/main.c.obj
                0x2000010c                leftPIvel
 .bss.rightPIvel
                0x2000011c       0x10 CMakeFiles/maze_stm32_cubemx+clion.elf.dir/Src/main.c.obj
                0x2000011c                rightPIvel
 .bss.control   0x2000012c        0x2 CMakeFiles/maze_stm32_cubemx+clion.elf.dir/Src/main.c.obj
                0x2000012c                control
 .bss.ir1       0x2000012e        0x1 CMakeFiles/maze_stm32_cubemx+clion.elf.dir/Src/main.c.obj
                0x2000012e                ir1
 .bss.ir2       0x2000012f        0x1 CMakeFiles/maze_stm32_cubemx+clion.elf.dir/Src/main.c.obj
                0x2000012f                ir2
 .bss.ir3       0x20000130        0x1 CMakeFiles/maze_stm32_cubemx+clion.elf.dir/Src/main.c.obj
                0x20000130                ir3
 .bss.ir4       0x20000131        0x1 CMakeFiles/maze_stm32_cubemx+clion.elf.dir/Src/main.c.obj
                0x20000131                ir4
 .bss.ir5       0x20000132        0x1 CMakeFiles/maze_stm32_cubemx+clion.elf.dir/Src/main.c.obj
                0x20000132                ir5
 *fill*         0x20000133        0x1 
 .bss.usartCnt  0x20000134        0x2 CMakeFiles/maze_stm32_cubemx+clion.elf.dir/Src/main.c.obj
                0x20000134                usartCnt
 .bss.beforeCnt
                0x20000136        0x2 CMakeFiles/maze_stm32_cubemx+clion.elf.dir/Src/main.c.obj
                0x20000136                beforeCnt
 .bss.checkTime
                0x20000138        0x1 CMakeFiles/maze_stm32_cubemx+clion.elf.dir/Src/main.c.obj
                0x20000138                checkTime
 .bss.speed     0x20000139        0x1 CMakeFiles/maze_stm32_cubemx+clion.elf.dir/Src/main.c.obj
                0x20000139                speed
 .bss.flag.8118
                0x2000013a        0x1 CMakeFiles/maze_stm32_cubemx+clion.elf.dir/Src/main.c.obj
 .bss.i.8119    0x2000013b        0x1 CMakeFiles/maze_stm32_cubemx+clion.elf.dir/Src/main.c.obj
 .bss.receive.8120
                0x2000013c        0xa CMakeFiles/maze_stm32_cubemx+clion.elf.dir/Src/main.c.obj
 *fill*         0x20000146        0x2 
 .bss.htim3     0x20000148       0x40 CMakeFiles/maze_stm32_cubemx+clion.elf.dir/Src/tim.c.obj
                0x20000148                htim3
 .bss.htim4     0x20000188       0x40 CMakeFiles/maze_stm32_cubemx+clion.elf.dir/Src/tim.c.obj
                0x20000188                htim4
 .bss.htim6     0x200001c8       0x40 CMakeFiles/maze_stm32_cubemx+clion.elf.dir/Src/tim.c.obj
                0x200001c8                htim6
 .bss.htim7     0x20000208       0x40 CMakeFiles/maze_stm32_cubemx+clion.elf.dir/Src/tim.c.obj
                0x20000208                htim7
 .bss.htim8     0x20000248       0x40 CMakeFiles/maze_stm32_cubemx+clion.elf.dir/Src/tim.c.obj
                0x20000248                htim8
 .bss.huart1    0x20000288       0x40 CMakeFiles/maze_stm32_cubemx+clion.elf.dir/Src/usart.c.obj
                0x20000288                huart1
 .bss.huart2    0x200002c8       0x40 CMakeFiles/maze_stm32_cubemx+clion.elf.dir/Src/usart.c.obj
                0x200002c8                huart2
 *(COMMON)
                0x20000308                . = ALIGN (0x4)
                0x20000308                _ebss = .
                0x20000308                __bss_end__ = _ebss

._user_heap_stack
                0x20000308      0x600 load address 0x080052c8
                0x20000308                . = ALIGN (0x8)
                0x20000308                PROVIDE (end, .)
                [!provide]                PROVIDE (_end, .)
                0x20000508                . = (. + _Min_Heap_Size)
 *fill*         0x20000308      0x200 
                0x20000908                . = (. + _Min_Stack_Size)
 *fill*         0x20000508      0x400 
                0x20000908                . = ALIGN (0x8)

/DISCARD/
 libc.a(*)
 libm.a(*)
 libgcc.a(*)

.ARM.attributes
                0x00000000       0x29
 *(.ARM.attributes)
 .ARM.attributes
                0x00000000       0x1d c:/progra~2/gnutoo~1/50a5a~1.420/bin/../lib/gcc/arm-none-eabi/5.4.1/armv7-m/crti.o
 .ARM.attributes
                0x0000001d       0x2d c:/progra~2/gnutoo~1/50a5a~1.420/bin/../lib/gcc/arm-none-eabi/5.4.1/armv7-m/crtbegin.o
 .ARM.attributes
                0x0000004a       0x33 CMakeFiles/maze_stm32_cubemx+clion.elf.dir/Drivers/STM32F1xx_HAL_Driver/Src/stm32f1xx_hal.c.obj
 .ARM.attributes
                0x0000007d       0x33 CMakeFiles/maze_stm32_cubemx+clion.elf.dir/Drivers/STM32F1xx_HAL_Driver/Src/stm32f1xx_hal_cortex.c.obj
 .ARM.attributes
                0x000000b0       0x33 CMakeFiles/maze_stm32_cubemx+clion.elf.dir/Drivers/STM32F1xx_HAL_Driver/Src/stm32f1xx_hal_dma.c.obj
 .ARM.attributes
                0x000000e3       0x33 CMakeFiles/maze_stm32_cubemx+clion.elf.dir/Drivers/STM32F1xx_HAL_Driver/Src/stm32f1xx_hal_gpio.c.obj
 .ARM.attributes
                0x00000116       0x33 CMakeFiles/maze_stm32_cubemx+clion.elf.dir/Drivers/STM32F1xx_HAL_Driver/Src/stm32f1xx_hal_i2c.c.obj
 .ARM.attributes
                0x00000149       0x33 CMakeFiles/maze_stm32_cubemx+clion.elf.dir/Drivers/STM32F1xx_HAL_Driver/Src/stm32f1xx_hal_rcc.c.obj
 .ARM.attributes
                0x0000017c       0x33 CMakeFiles/maze_stm32_cubemx+clion.elf.dir/Drivers/STM32F1xx_HAL_Driver/Src/stm32f1xx_hal_tim.c.obj
 .ARM.attributes
                0x000001af       0x33 CMakeFiles/maze_stm32_cubemx+clion.elf.dir/Drivers/STM32F1xx_HAL_Driver/Src/stm32f1xx_hal_tim_ex.c.obj
 .ARM.attributes
                0x000001e2       0x33 CMakeFiles/maze_stm32_cubemx+clion.elf.dir/Drivers/STM32F1xx_HAL_Driver/Src/stm32f1xx_hal_uart.c.obj
 .ARM.attributes
                0x00000215       0x33 CMakeFiles/maze_stm32_cubemx+clion.elf.dir/Src/User/follow.c.obj
 .ARM.attributes
                0x00000248       0x33 CMakeFiles/maze_stm32_cubemx+clion.elf.dir/Src/User/motor.c.obj
 .ARM.attributes
                0x0000027b       0x33 CMakeFiles/maze_stm32_cubemx+clion.elf.dir/Src/User/oled.c.obj
 .ARM.attributes
                0x000002ae       0x33 CMakeFiles/maze_stm32_cubemx+clion.elf.dir/Src/User/oled_motor.c.obj
 .ARM.attributes
                0x000002e1       0x33 CMakeFiles/maze_stm32_cubemx+clion.elf.dir/Src/gpio.c.obj
 .ARM.attributes
                0x00000314       0x33 CMakeFiles/maze_stm32_cubemx+clion.elf.dir/Src/i2c.c.obj
 .ARM.attributes
                0x00000347       0x33 CMakeFiles/maze_stm32_cubemx+clion.elf.dir/Src/main.c.obj
 .ARM.attributes
                0x0000037a       0x33 CMakeFiles/maze_stm32_cubemx+clion.elf.dir/Src/stm32f1xx_hal_msp.c.obj
 .ARM.attributes
                0x000003ad       0x33 CMakeFiles/maze_stm32_cubemx+clion.elf.dir/Src/stm32f1xx_it.c.obj
 .ARM.attributes
                0x000003e0       0x33 CMakeFiles/maze_stm32_cubemx+clion.elf.dir/Src/system_stm32f1xx.c.obj
 .ARM.attributes
                0x00000413       0x33 CMakeFiles/maze_stm32_cubemx+clion.elf.dir/Src/tim.c.obj
 .ARM.attributes
                0x00000446       0x33 CMakeFiles/maze_stm32_cubemx+clion.elf.dir/Src/usart.c.obj
 .ARM.attributes
                0x00000479       0x21 CMakeFiles/maze_stm32_cubemx+clion.elf.dir/startup/startup_stm32f103xe.s.obj
 .ARM.attributes
                0x0000049a       0x2d c:/progra~2/gnutoo~1/50a5a~1.420/bin/../lib/gcc/arm-none-eabi/5.4.1/../../../../arm-none-eabi/lib/armv7-m\libg_nano.a(lib_a-init.o)
 .ARM.attributes
                0x000004c7       0x2d c:/progra~2/gnutoo~1/50a5a~1.420/bin/../lib/gcc/arm-none-eabi/5.4.1/../../../../arm-none-eabi/lib/armv7-m\libg_nano.a(lib_a-memset.o)
 .ARM.attributes
                0x000004f4       0x1d c:/progra~2/gnutoo~1/50a5a~1.420/bin/../lib/gcc/arm-none-eabi/5.4.1/armv7-m/crtn.o
OUTPUT(maze_stm32_cubemx+clion.elf elf32-littlearm)

.debug_info     0x00000000     0xdf65
 .debug_info    0x00000000      0x6f0 CMakeFiles/maze_stm32_cubemx+clion.elf.dir/Drivers/STM32F1xx_HAL_Driver/Src/stm32f1xx_hal.c.obj
 .debug_info    0x000006f0      0xb20 CMakeFiles/maze_stm32_cubemx+clion.elf.dir/Drivers/STM32F1xx_HAL_Driver/Src/stm32f1xx_hal_cortex.c.obj
 .debug_info    0x00001210      0x6ef CMakeFiles/maze_stm32_cubemx+clion.elf.dir/Drivers/STM32F1xx_HAL_Driver/Src/stm32f1xx_hal_dma.c.obj
 .debug_info    0x000018ff      0x5ca CMakeFiles/maze_stm32_cubemx+clion.elf.dir/Drivers/STM32F1xx_HAL_Driver/Src/stm32f1xx_hal_gpio.c.obj
 .debug_info    0x00001ec9     0x23bd CMakeFiles/maze_stm32_cubemx+clion.elf.dir/Drivers/STM32F1xx_HAL_Driver/Src/stm32f1xx_hal_i2c.c.obj
 .debug_info    0x00004286      0x7c6 CMakeFiles/maze_stm32_cubemx+clion.elf.dir/Drivers/STM32F1xx_HAL_Driver/Src/stm32f1xx_hal_rcc.c.obj
 .debug_info    0x00004a4c     0x239e CMakeFiles/maze_stm32_cubemx+clion.elf.dir/Drivers/STM32F1xx_HAL_Driver/Src/stm32f1xx_hal_tim.c.obj
 .debug_info    0x00006dea     0x1049 CMakeFiles/maze_stm32_cubemx+clion.elf.dir/Drivers/STM32F1xx_HAL_Driver/Src/stm32f1xx_hal_tim_ex.c.obj
 .debug_info    0x00007e33     0x1143 CMakeFiles/maze_stm32_cubemx+clion.elf.dir/Drivers/STM32F1xx_HAL_Driver/Src/stm32f1xx_hal_uart.c.obj
 .debug_info    0x00008f76      0x187 CMakeFiles/maze_stm32_cubemx+clion.elf.dir/Src/User/follow.c.obj
 .debug_info    0x000090fd      0x6e3 CMakeFiles/maze_stm32_cubemx+clion.elf.dir/Src/User/motor.c.obj
 .debug_info    0x000097e0      0x911 CMakeFiles/maze_stm32_cubemx+clion.elf.dir/Src/User/oled.c.obj
 .debug_info    0x0000a0f1      0x2af CMakeFiles/maze_stm32_cubemx+clion.elf.dir/Src/User/oled_motor.c.obj
 .debug_info    0x0000a3a0      0x2bc CMakeFiles/maze_stm32_cubemx+clion.elf.dir/Src/gpio.c.obj
 .debug_info    0x0000a65c      0x790 CMakeFiles/maze_stm32_cubemx+clion.elf.dir/Src/i2c.c.obj
 .debug_info    0x0000adec      0xc0e CMakeFiles/maze_stm32_cubemx+clion.elf.dir/Src/main.c.obj
 .debug_info    0x0000b9fa      0x21a CMakeFiles/maze_stm32_cubemx+clion.elf.dir/Src/stm32f1xx_hal_msp.c.obj
 .debug_info    0x0000bc14      0x854 CMakeFiles/maze_stm32_cubemx+clion.elf.dir/Src/stm32f1xx_it.c.obj
 .debug_info    0x0000c468      0x3ce CMakeFiles/maze_stm32_cubemx+clion.elf.dir/Src/system_stm32f1xx.c.obj
 .debug_info    0x0000c836      0xd2d CMakeFiles/maze_stm32_cubemx+clion.elf.dir/Src/tim.c.obj
 .debug_info    0x0000d563      0x92a CMakeFiles/maze_stm32_cubemx+clion.elf.dir/Src/usart.c.obj
 .debug_info    0x0000de8d       0xd8 CMakeFiles/maze_stm32_cubemx+clion.elf.dir/startup/startup_stm32f103xe.s.obj

.debug_abbrev   0x00000000     0x223b
 .debug_abbrev  0x00000000      0x1b2 CMakeFiles/maze_stm32_cubemx+clion.elf.dir/Drivers/STM32F1xx_HAL_Driver/Src/stm32f1xx_hal.c.obj
 .debug_abbrev  0x000001b2      0x2bd CMakeFiles/maze_stm32_cubemx+clion.elf.dir/Drivers/STM32F1xx_HAL_Driver/Src/stm32f1xx_hal_cortex.c.obj
 .debug_abbrev  0x0000046f      0x1b3 CMakeFiles/maze_stm32_cubemx+clion.elf.dir/Drivers/STM32F1xx_HAL_Driver/Src/stm32f1xx_hal_dma.c.obj
 .debug_abbrev  0x00000622      0x1a1 CMakeFiles/maze_stm32_cubemx+clion.elf.dir/Drivers/STM32F1xx_HAL_Driver/Src/stm32f1xx_hal_gpio.c.obj
 .debug_abbrev  0x000007c3      0x238 CMakeFiles/maze_stm32_cubemx+clion.elf.dir/Drivers/STM32F1xx_HAL_Driver/Src/stm32f1xx_hal_i2c.c.obj
 .debug_abbrev  0x000009fb      0x23e CMakeFiles/maze_stm32_cubemx+clion.elf.dir/Drivers/STM32F1xx_HAL_Driver/Src/stm32f1xx_hal_rcc.c.obj
 .debug_abbrev  0x00000c39      0x1f5 CMakeFiles/maze_stm32_cubemx+clion.elf.dir/Drivers/STM32F1xx_HAL_Driver/Src/stm32f1xx_hal_tim.c.obj
 .debug_abbrev  0x00000e2e      0x1fd CMakeFiles/maze_stm32_cubemx+clion.elf.dir/Drivers/STM32F1xx_HAL_Driver/Src/stm32f1xx_hal_tim_ex.c.obj
 .debug_abbrev  0x0000102b      0x1f7 CMakeFiles/maze_stm32_cubemx+clion.elf.dir/Drivers/STM32F1xx_HAL_Driver/Src/stm32f1xx_hal_uart.c.obj
 .debug_abbrev  0x00001222       0xac CMakeFiles/maze_stm32_cubemx+clion.elf.dir/Src/User/follow.c.obj
 .debug_abbrev  0x000012ce      0x152 CMakeFiles/maze_stm32_cubemx+clion.elf.dir/Src/User/motor.c.obj
 .debug_abbrev  0x00001420      0x1c7 CMakeFiles/maze_stm32_cubemx+clion.elf.dir/Src/User/oled.c.obj
 .debug_abbrev  0x000015e7      0x115 CMakeFiles/maze_stm32_cubemx+clion.elf.dir/Src/User/oled_motor.c.obj
 .debug_abbrev  0x000016fc      0x105 CMakeFiles/maze_stm32_cubemx+clion.elf.dir/Src/gpio.c.obj
 .debug_abbrev  0x00001801      0x16c CMakeFiles/maze_stm32_cubemx+clion.elf.dir/Src/i2c.c.obj
 .debug_abbrev  0x0000196d      0x20e CMakeFiles/maze_stm32_cubemx+clion.elf.dir/Src/main.c.obj
 .debug_abbrev  0x00001b7b       0xd4 CMakeFiles/maze_stm32_cubemx+clion.elf.dir/Src/stm32f1xx_hal_msp.c.obj
 .debug_abbrev  0x00001c4f      0x14a CMakeFiles/maze_stm32_cubemx+clion.elf.dir/Src/stm32f1xx_it.c.obj
 .debug_abbrev  0x00001d99      0x120 CMakeFiles/maze_stm32_cubemx+clion.elf.dir/Src/system_stm32f1xx.c.obj
 .debug_abbrev  0x00001eb9      0x1d0 CMakeFiles/maze_stm32_cubemx+clion.elf.dir/Src/tim.c.obj
 .debug_abbrev  0x00002089      0x1a0 CMakeFiles/maze_stm32_cubemx+clion.elf.dir/Src/usart.c.obj
 .debug_abbrev  0x00002229       0x12 CMakeFiles/maze_stm32_cubemx+clion.elf.dir/startup/startup_stm32f103xe.s.obj

.debug_aranges  0x00000000     0x1008
 .debug_aranges
                0x00000000       0xe0 CMakeFiles/maze_stm32_cubemx+clion.elf.dir/Drivers/STM32F1xx_HAL_Driver/Src/stm32f1xx_hal.c.obj
 .debug_aranges
                0x000000e0      0x100 CMakeFiles/maze_stm32_cubemx+clion.elf.dir/Drivers/STM32F1xx_HAL_Driver/Src/stm32f1xx_hal_cortex.c.obj
 .debug_aranges
                0x000001e0       0x80 CMakeFiles/maze_stm32_cubemx+clion.elf.dir/Drivers/STM32F1xx_HAL_Driver/Src/stm32f1xx_hal_dma.c.obj
 .debug_aranges
                0x00000260       0x58 CMakeFiles/maze_stm32_cubemx+clion.elf.dir/Drivers/STM32F1xx_HAL_Driver/Src/stm32f1xx_hal_gpio.c.obj
 .debug_aranges
                0x000002b8      0x290 CMakeFiles/maze_stm32_cubemx+clion.elf.dir/Drivers/STM32F1xx_HAL_Driver/Src/stm32f1xx_hal_i2c.c.obj
 .debug_aranges
                0x00000548       0x90 CMakeFiles/maze_stm32_cubemx+clion.elf.dir/Drivers/STM32F1xx_HAL_Driver/Src/stm32f1xx_hal_rcc.c.obj
 .debug_aranges
                0x000005d8      0x3a8 CMakeFiles/maze_stm32_cubemx+clion.elf.dir/Drivers/STM32F1xx_HAL_Driver/Src/stm32f1xx_hal_tim.c.obj
 .debug_aranges
                0x00000980      0x150 CMakeFiles/maze_stm32_cubemx+clion.elf.dir/Drivers/STM32F1xx_HAL_Driver/Src/stm32f1xx_hal_tim_ex.c.obj
 .debug_aranges
                0x00000ad0      0x1d0 CMakeFiles/maze_stm32_cubemx+clion.elf.dir/Drivers/STM32F1xx_HAL_Driver/Src/stm32f1xx_hal_uart.c.obj
 .debug_aranges
                0x00000ca0       0x20 CMakeFiles/maze_stm32_cubemx+clion.elf.dir/Src/User/follow.c.obj
 .debug_aranges
                0x00000cc0       0x40 CMakeFiles/maze_stm32_cubemx+clion.elf.dir/Src/User/motor.c.obj
 .debug_aranges
                0x00000d00       0x88 CMakeFiles/maze_stm32_cubemx+clion.elf.dir/Src/User/oled.c.obj
 .debug_aranges
                0x00000d88       0x30 CMakeFiles/maze_stm32_cubemx+clion.elf.dir/Src/User/oled_motor.c.obj
 .debug_aranges
                0x00000db8       0x20 CMakeFiles/maze_stm32_cubemx+clion.elf.dir/Src/gpio.c.obj
 .debug_aranges
                0x00000dd8       0x30 CMakeFiles/maze_stm32_cubemx+clion.elf.dir/Src/i2c.c.obj
 .debug_aranges
                0x00000e08       0x58 CMakeFiles/maze_stm32_cubemx+clion.elf.dir/Src/main.c.obj
 .debug_aranges
                0x00000e60       0x20 CMakeFiles/maze_stm32_cubemx+clion.elf.dir/Src/stm32f1xx_hal_msp.c.obj
 .debug_aranges
                0x00000e80       0x80 CMakeFiles/maze_stm32_cubemx+clion.elf.dir/Src/stm32f1xx_it.c.obj
 .debug_aranges
                0x00000f00       0x28 CMakeFiles/maze_stm32_cubemx+clion.elf.dir/Src/system_stm32f1xx.c.obj
 .debug_aranges
                0x00000f28       0x78 CMakeFiles/maze_stm32_cubemx+clion.elf.dir/Src/tim.c.obj
 .debug_aranges
                0x00000fa0       0x40 CMakeFiles/maze_stm32_cubemx+clion.elf.dir/Src/usart.c.obj
 .debug_aranges
                0x00000fe0       0x28 CMakeFiles/maze_stm32_cubemx+clion.elf.dir/startup/startup_stm32f103xe.s.obj

.debug_ranges   0x00000000      0xed0
 .debug_ranges  0x00000000       0xd0 CMakeFiles/maze_stm32_cubemx+clion.elf.dir/Drivers/STM32F1xx_HAL_Driver/Src/stm32f1xx_hal.c.obj
 .debug_ranges  0x000000d0       0xf0 CMakeFiles/maze_stm32_cubemx+clion.elf.dir/Drivers/STM32F1xx_HAL_Driver/Src/stm32f1xx_hal_cortex.c.obj
 .debug_ranges  0x000001c0       0x70 CMakeFiles/maze_stm32_cubemx+clion.elf.dir/Drivers/STM32F1xx_HAL_Driver/Src/stm32f1xx_hal_dma.c.obj
 .debug_ranges  0x00000230       0x48 CMakeFiles/maze_stm32_cubemx+clion.elf.dir/Drivers/STM32F1xx_HAL_Driver/Src/stm32f1xx_hal_gpio.c.obj
 .debug_ranges  0x00000278      0x2a0 CMakeFiles/maze_stm32_cubemx+clion.elf.dir/Drivers/STM32F1xx_HAL_Driver/Src/stm32f1xx_hal_i2c.c.obj
 .debug_ranges  0x00000518       0x80 CMakeFiles/maze_stm32_cubemx+clion.elf.dir/Drivers/STM32F1xx_HAL_Driver/Src/stm32f1xx_hal_rcc.c.obj
 .debug_ranges  0x00000598      0x398 CMakeFiles/maze_stm32_cubemx+clion.elf.dir/Drivers/STM32F1xx_HAL_Driver/Src/stm32f1xx_hal_tim.c.obj
 .debug_ranges  0x00000930      0x140 CMakeFiles/maze_stm32_cubemx+clion.elf.dir/Drivers/STM32F1xx_HAL_Driver/Src/stm32f1xx_hal_tim_ex.c.obj
 .debug_ranges  0x00000a70      0x1c0 CMakeFiles/maze_stm32_cubemx+clion.elf.dir/Drivers/STM32F1xx_HAL_Driver/Src/stm32f1xx_hal_uart.c.obj
 .debug_ranges  0x00000c30       0x10 CMakeFiles/maze_stm32_cubemx+clion.elf.dir/Src/User/follow.c.obj
 .debug_ranges  0x00000c40       0x30 CMakeFiles/maze_stm32_cubemx+clion.elf.dir/Src/User/motor.c.obj
 .debug_ranges  0x00000c70       0x78 CMakeFiles/maze_stm32_cubemx+clion.elf.dir/Src/User/oled.c.obj
 .debug_ranges  0x00000ce8       0x20 CMakeFiles/maze_stm32_cubemx+clion.elf.dir/Src/User/oled_motor.c.obj
 .debug_ranges  0x00000d08       0x10 CMakeFiles/maze_stm32_cubemx+clion.elf.dir/Src/gpio.c.obj
 .debug_ranges  0x00000d18       0x20 CMakeFiles/maze_stm32_cubemx+clion.elf.dir/Src/i2c.c.obj
 .debug_ranges  0x00000d38       0x48 CMakeFiles/maze_stm32_cubemx+clion.elf.dir/Src/main.c.obj
 .debug_ranges  0x00000d80       0x10 CMakeFiles/maze_stm32_cubemx+clion.elf.dir/Src/stm32f1xx_hal_msp.c.obj
 .debug_ranges  0x00000d90       0x70 CMakeFiles/maze_stm32_cubemx+clion.elf.dir/Src/stm32f1xx_it.c.obj
 .debug_ranges  0x00000e00       0x18 CMakeFiles/maze_stm32_cubemx+clion.elf.dir/Src/system_stm32f1xx.c.obj
 .debug_ranges  0x00000e18       0x68 CMakeFiles/maze_stm32_cubemx+clion.elf.dir/Src/tim.c.obj
 .debug_ranges  0x00000e80       0x30 CMakeFiles/maze_stm32_cubemx+clion.elf.dir/Src/usart.c.obj
 .debug_ranges  0x00000eb0       0x20 CMakeFiles/maze_stm32_cubemx+clion.elf.dir/startup/startup_stm32f103xe.s.obj

.debug_line     0x00000000     0x87b0
 .debug_line    0x00000000      0x496 CMakeFiles/maze_stm32_cubemx+clion.elf.dir/Drivers/STM32F1xx_HAL_Driver/Src/stm32f1xx_hal.c.obj
 .debug_line    0x00000496      0x4e1 CMakeFiles/maze_stm32_cubemx+clion.elf.dir/Drivers/STM32F1xx_HAL_Driver/Src/stm32f1xx_hal_cortex.c.obj
 .debug_line    0x00000977      0xb7c CMakeFiles/maze_stm32_cubemx+clion.elf.dir/Drivers/STM32F1xx_HAL_Driver/Src/stm32f1xx_hal_dma.c.obj
 .debug_line    0x000014f3      0x4ad CMakeFiles/maze_stm32_cubemx+clion.elf.dir/Drivers/STM32F1xx_HAL_Driver/Src/stm32f1xx_hal_gpio.c.obj
 .debug_line    0x000019a0     0x1792 CMakeFiles/maze_stm32_cubemx+clion.elf.dir/Drivers/STM32F1xx_HAL_Driver/Src/stm32f1xx_hal_i2c.c.obj
 .debug_line    0x00003132      0x5b0 CMakeFiles/maze_stm32_cubemx+clion.elf.dir/Drivers/STM32F1xx_HAL_Driver/Src/stm32f1xx_hal_rcc.c.obj
 .debug_line    0x000036e2     0x1526 CMakeFiles/maze_stm32_cubemx+clion.elf.dir/Drivers/STM32F1xx_HAL_Driver/Src/stm32f1xx_hal_tim.c.obj
 .debug_line    0x00004c08      0x8d7 CMakeFiles/maze_stm32_cubemx+clion.elf.dir/Drivers/STM32F1xx_HAL_Driver/Src/stm32f1xx_hal_tim_ex.c.obj
 .debug_line    0x000054df      0xbb6 CMakeFiles/maze_stm32_cubemx+clion.elf.dir/Drivers/STM32F1xx_HAL_Driver/Src/stm32f1xx_hal_uart.c.obj
 .debug_line    0x00006095      0x232 CMakeFiles/maze_stm32_cubemx+clion.elf.dir/Src/User/follow.c.obj
 .debug_line    0x000062c7      0x376 CMakeFiles/maze_stm32_cubemx+clion.elf.dir/Src/User/motor.c.obj
 .debug_line    0x0000663d      0x4f3 CMakeFiles/maze_stm32_cubemx+clion.elf.dir/Src/User/oled.c.obj
 .debug_line    0x00006b30      0x1ea CMakeFiles/maze_stm32_cubemx+clion.elf.dir/Src/User/oled_motor.c.obj
 .debug_line    0x00006d1a      0x28d CMakeFiles/maze_stm32_cubemx+clion.elf.dir/Src/gpio.c.obj
 .debug_line    0x00006fa7      0x2f2 CMakeFiles/maze_stm32_cubemx+clion.elf.dir/Src/i2c.c.obj
 .debug_line    0x00007299      0x4ec CMakeFiles/maze_stm32_cubemx+clion.elf.dir/Src/main.c.obj
 .debug_line    0x00007785      0x20c CMakeFiles/maze_stm32_cubemx+clion.elf.dir/Src/stm32f1xx_hal_msp.c.obj
 .debug_line    0x00007991      0x3a5 CMakeFiles/maze_stm32_cubemx+clion.elf.dir/Src/stm32f1xx_it.c.obj
 .debug_line    0x00007d36      0x255 CMakeFiles/maze_stm32_cubemx+clion.elf.dir/Src/system_stm32f1xx.c.obj
 .debug_line    0x00007f8b      0x426 CMakeFiles/maze_stm32_cubemx+clion.elf.dir/Src/tim.c.obj
 .debug_line    0x000083b1      0x343 CMakeFiles/maze_stm32_cubemx+clion.elf.dir/Src/usart.c.obj
 .debug_line    0x000086f4       0xbc CMakeFiles/maze_stm32_cubemx+clion.elf.dir/startup/startup_stm32f103xe.s.obj

.debug_str      0x00000000     0x479e
 .debug_str     0x00000000      0x8a1 CMakeFiles/maze_stm32_cubemx+clion.elf.dir/Drivers/STM32F1xx_HAL_Driver/Src/stm32f1xx_hal.c.obj
                                0x8fd (size before relaxing)
 .debug_str     0x000008a1      0x453 CMakeFiles/maze_stm32_cubemx+clion.elf.dir/Drivers/STM32F1xx_HAL_Driver/Src/stm32f1xx_hal_cortex.c.obj
                                0x9ec (size before relaxing)
 .debug_str     0x00000cf4      0x425 CMakeFiles/maze_stm32_cubemx+clion.elf.dir/Drivers/STM32F1xx_HAL_Driver/Src/stm32f1xx_hal_dma.c.obj
                                0x638 (size before relaxing)
 .debug_str     0x00001119      0x203 CMakeFiles/maze_stm32_cubemx+clion.elf.dir/Drivers/STM32F1xx_HAL_Driver/Src/stm32f1xx_hal_gpio.c.obj
                                0x447 (size before relaxing)
 .debug_str     0x0000131c      0xb44 CMakeFiles/maze_stm32_cubemx+clion.elf.dir/Drivers/STM32F1xx_HAL_Driver/Src/stm32f1xx_hal_i2c.c.obj
                                0xf78 (size before relaxing)
 .debug_str     0x00001e60      0x37a CMakeFiles/maze_stm32_cubemx+clion.elf.dir/Drivers/STM32F1xx_HAL_Driver/Src/stm32f1xx_hal_rcc.c.obj
                                0x64b (size before relaxing)
 .debug_str     0x000021da      0xffe CMakeFiles/maze_stm32_cubemx+clion.elf.dir/Drivers/STM32F1xx_HAL_Driver/Src/stm32f1xx_hal_tim.c.obj
                               0x1425 (size before relaxing)
 .debug_str     0x000031d8      0x5b8 CMakeFiles/maze_stm32_cubemx+clion.elf.dir/Drivers/STM32F1xx_HAL_Driver/Src/stm32f1xx_hal_tim_ex.c.obj
                                0xc25 (size before relaxing)
 .debug_str     0x00003790      0x6ff CMakeFiles/maze_stm32_cubemx+clion.elf.dir/Drivers/STM32F1xx_HAL_Driver/Src/stm32f1xx_hal_uart.c.obj
                                0xb5b (size before relaxing)
 .debug_str     0x00003e8f       0x5d CMakeFiles/maze_stm32_cubemx+clion.elf.dir/Src/User/follow.c.obj
                                0x214 (size before relaxing)
 .debug_str     0x00003eec       0xe2 CMakeFiles/maze_stm32_cubemx+clion.elf.dir/Src/User/motor.c.obj
                                0x621 (size before relaxing)
 .debug_str     0x00003fce      0x147 CMakeFiles/maze_stm32_cubemx+clion.elf.dir/Src/User/oled.c.obj
                                0x763 (size before relaxing)
 .debug_str     0x00004115       0xd9 CMakeFiles/maze_stm32_cubemx+clion.elf.dir/Src/User/oled_motor.c.obj
                                0x28a (size before relaxing)
 .debug_str     0x000041ee       0x6a CMakeFiles/maze_stm32_cubemx+clion.elf.dir/Src/gpio.c.obj
                                0x29f (size before relaxing)
 .debug_str     0x00004258       0x63 CMakeFiles/maze_stm32_cubemx+clion.elf.dir/Src/i2c.c.obj
                                0x751 (size before relaxing)
 .debug_str     0x000042bb      0x162 CMakeFiles/maze_stm32_cubemx+clion.elf.dir/Src/main.c.obj
                                0xa4d (size before relaxing)
 .debug_str     0x0000441d       0x5a CMakeFiles/maze_stm32_cubemx+clion.elf.dir/Src/stm32f1xx_hal_msp.c.obj
                                0x261 (size before relaxing)
 .debug_str     0x00004477      0x129 CMakeFiles/maze_stm32_cubemx+clion.elf.dir/Src/stm32f1xx_it.c.obj
                                0x852 (size before relaxing)
 .debug_str     0x000045a0       0x8c CMakeFiles/maze_stm32_cubemx+clion.elf.dir/Src/system_stm32f1xx.c.obj
                                0x2f4 (size before relaxing)
 .debug_str     0x0000462c       0xe4 CMakeFiles/maze_stm32_cubemx+clion.elf.dir/Src/tim.c.obj
                                0xd0d (size before relaxing)
 .debug_str     0x00004710       0x8e CMakeFiles/maze_stm32_cubemx+clion.elf.dir/Src/usart.c.obj
                                0xa5c (size before relaxing)

.comment        0x00000000       0x6e
 .comment       0x00000000       0x6e CMakeFiles/maze_stm32_cubemx+clion.elf.dir/Drivers/STM32F1xx_HAL_Driver/Src/stm32f1xx_hal.c.obj
                                 0x6f (size before relaxing)
 .comment       0x0000006e       0x6f CMakeFiles/maze_stm32_cubemx+clion.elf.dir/Drivers/STM32F1xx_HAL_Driver/Src/stm32f1xx_hal_cortex.c.obj
 .comment       0x0000006e       0x6f CMakeFiles/maze_stm32_cubemx+clion.elf.dir/Drivers/STM32F1xx_HAL_Driver/Src/stm32f1xx_hal_dma.c.obj
 .comment       0x0000006e       0x6f CMakeFiles/maze_stm32_cubemx+clion.elf.dir/Drivers/STM32F1xx_HAL_Driver/Src/stm32f1xx_hal_gpio.c.obj
 .comment       0x0000006e       0x6f CMakeFiles/maze_stm32_cubemx+clion.elf.dir/Drivers/STM32F1xx_HAL_Driver/Src/stm32f1xx_hal_i2c.c.obj
 .comment       0x0000006e       0x6f CMakeFiles/maze_stm32_cubemx+clion.elf.dir/Drivers/STM32F1xx_HAL_Driver/Src/stm32f1xx_hal_rcc.c.obj
 .comment       0x0000006e       0x6f CMakeFiles/maze_stm32_cubemx+clion.elf.dir/Drivers/STM32F1xx_HAL_Driver/Src/stm32f1xx_hal_tim.c.obj
 .comment       0x0000006e       0x6f CMakeFiles/maze_stm32_cubemx+clion.elf.dir/Drivers/STM32F1xx_HAL_Driver/Src/stm32f1xx_hal_tim_ex.c.obj
 .comment       0x0000006e       0x6f CMakeFiles/maze_stm32_cubemx+clion.elf.dir/Drivers/STM32F1xx_HAL_Driver/Src/stm32f1xx_hal_uart.c.obj
 .comment       0x0000006e       0x6f CMakeFiles/maze_stm32_cubemx+clion.elf.dir/Src/User/follow.c.obj
 .comment       0x0000006e       0x6f CMakeFiles/maze_stm32_cubemx+clion.elf.dir/Src/User/motor.c.obj
 .comment       0x0000006e       0x6f CMakeFiles/maze_stm32_cubemx+clion.elf.dir/Src/User/oled.c.obj
 .comment       0x0000006e       0x6f CMakeFiles/maze_stm32_cubemx+clion.elf.dir/Src/User/oled_motor.c.obj
 .comment       0x0000006e       0x6f CMakeFiles/maze_stm32_cubemx+clion.elf.dir/Src/gpio.c.obj
 .comment       0x0000006e       0x6f CMakeFiles/maze_stm32_cubemx+clion.elf.dir/Src/i2c.c.obj
 .comment       0x0000006e       0x6f CMakeFiles/maze_stm32_cubemx+clion.elf.dir/Src/main.c.obj
 .comment       0x0000006e       0x6f CMakeFiles/maze_stm32_cubemx+clion.elf.dir/Src/stm32f1xx_hal_msp.c.obj
 .comment       0x0000006e       0x6f CMakeFiles/maze_stm32_cubemx+clion.elf.dir/Src/stm32f1xx_it.c.obj
 .comment       0x0000006e       0x6f CMakeFiles/maze_stm32_cubemx+clion.elf.dir/Src/system_stm32f1xx.c.obj
 .comment       0x0000006e       0x6f CMakeFiles/maze_stm32_cubemx+clion.elf.dir/Src/tim.c.obj
 .comment       0x0000006e       0x6f CMakeFiles/maze_stm32_cubemx+clion.elf.dir/Src/usart.c.obj

.debug_frame    0x00000000     0x41d8
 .debug_frame   0x00000000      0x334 CMakeFiles/maze_stm32_cubemx+clion.elf.dir/Drivers/STM32F1xx_HAL_Driver/Src/stm32f1xx_hal.c.obj
 .debug_frame   0x00000334      0x428 CMakeFiles/maze_stm32_cubemx+clion.elf.dir/Drivers/STM32F1xx_HAL_Driver/Src/stm32f1xx_hal_cortex.c.obj
 .debug_frame   0x0000075c      0x20c CMakeFiles/maze_stm32_cubemx+clion.elf.dir/Drivers/STM32F1xx_HAL_Driver/Src/stm32f1xx_hal_dma.c.obj
 .debug_frame   0x00000968      0x14c CMakeFiles/maze_stm32_cubemx+clion.elf.dir/Drivers/STM32F1xx_HAL_Driver/Src/stm32f1xx_hal_gpio.c.obj
 .debug_frame   0x00000ab4      0xc08 CMakeFiles/maze_stm32_cubemx+clion.elf.dir/Drivers/STM32F1xx_HAL_Driver/Src/stm32f1xx_hal_i2c.c.obj
 .debug_frame   0x000016bc      0x21c CMakeFiles/maze_stm32_cubemx+clion.elf.dir/Drivers/STM32F1xx_HAL_Driver/Src/stm32f1xx_hal_rcc.c.obj
 .debug_frame   0x000018d8     0x10f0 CMakeFiles/maze_stm32_cubemx+clion.elf.dir/Drivers/STM32F1xx_HAL_Driver/Src/stm32f1xx_hal_tim.c.obj
 .debug_frame   0x000029c8      0x5c0 CMakeFiles/maze_stm32_cubemx+clion.elf.dir/Drivers/STM32F1xx_HAL_Driver/Src/stm32f1xx_hal_tim_ex.c.obj
 .debug_frame   0x00002f88      0x838 CMakeFiles/maze_stm32_cubemx+clion.elf.dir/Drivers/STM32F1xx_HAL_Driver/Src/stm32f1xx_hal_uart.c.obj
 .debug_frame   0x000037c0       0x2c CMakeFiles/maze_stm32_cubemx+clion.elf.dir/Src/User/follow.c.obj
 .debug_frame   0x000037ec       0xd8 CMakeFiles/maze_stm32_cubemx+clion.elf.dir/Src/User/motor.c.obj
 .debug_frame   0x000038c4      0x1f8 CMakeFiles/maze_stm32_cubemx+clion.elf.dir/Src/User/oled.c.obj
 .debug_frame   0x00003abc       0x84 CMakeFiles/maze_stm32_cubemx+clion.elf.dir/Src/User/oled_motor.c.obj
 .debug_frame   0x00003b40       0x34 CMakeFiles/maze_stm32_cubemx+clion.elf.dir/Src/gpio.c.obj
 .debug_frame   0x00003b74       0x74 CMakeFiles/maze_stm32_cubemx+clion.elf.dir/Src/i2c.c.obj
 .debug_frame   0x00003be8      0x11c CMakeFiles/maze_stm32_cubemx+clion.elf.dir/Src/main.c.obj
 .debug_frame   0x00003d04       0x38 CMakeFiles/maze_stm32_cubemx+clion.elf.dir/Src/stm32f1xx_hal_msp.c.obj
 .debug_frame   0x00003d3c      0x17c CMakeFiles/maze_stm32_cubemx+clion.elf.dir/Src/stm32f1xx_it.c.obj
 .debug_frame   0x00003eb8       0x58 CMakeFiles/maze_stm32_cubemx+clion.elf.dir/Src/system_stm32f1xx.c.obj
 .debug_frame   0x00003f10      0x1c8 CMakeFiles/maze_stm32_cubemx+clion.elf.dir/Src/tim.c.obj
 .debug_frame   0x000040d8       0xb4 CMakeFiles/maze_stm32_cubemx+clion.elf.dir/Src/usart.c.obj
 .debug_frame   0x0000418c       0x2c c:/progra~2/gnutoo~1/50a5a~1.420/bin/../lib/gcc/arm-none-eabi/5.4.1/../../../../arm-none-eabi/lib/armv7-m\libg_nano.a(lib_a-init.o)
 .debug_frame   0x000041b8       0x20 c:/progra~2/gnutoo~1/50a5a~1.420/bin/../lib/gcc/arm-none-eabi/5.4.1/../../../../arm-none-eabi/lib/armv7-m\libg_nano.a(lib_a-memset.o)
